Archive member included to satisfy reference by file (symbol)

c:/program files (x86)/atmel/studio/7.0/toolchain/arm/arm-gnu-toolchain/bin/../lib/gcc/arm-none-eabi/6.3.1/../../../../arm-none-eabi/lib/thumb/v6-m\libm.a(lib_a-w_log.o)
                              src/bme280.o (log)
c:/program files (x86)/atmel/studio/7.0/toolchain/arm/arm-gnu-toolchain/bin/../lib/gcc/arm-none-eabi/6.3.1/../../../../arm-none-eabi/lib/thumb/v6-m\libm.a(lib_a-w_log10.o)
                              src/bme280.o (log10)
c:/program files (x86)/atmel/studio/7.0/toolchain/arm/arm-gnu-toolchain/bin/../lib/gcc/arm-none-eabi/6.3.1/../../../../arm-none-eabi/lib/thumb/v6-m\libm.a(lib_a-w_pow.o)
                              src/bme280.o (pow)
c:/program files (x86)/atmel/studio/7.0/toolchain/arm/arm-gnu-toolchain/bin/../lib/gcc/arm-none-eabi/6.3.1/../../../../arm-none-eabi/lib/thumb/v6-m\libm.a(lib_a-e_log.o)
                              c:/program files (x86)/atmel/studio/7.0/toolchain/arm/arm-gnu-toolchain/bin/../lib/gcc/arm-none-eabi/6.3.1/../../../../arm-none-eabi/lib/thumb/v6-m\libm.a(lib_a-w_log.o) (__ieee754_log)
c:/program files (x86)/atmel/studio/7.0/toolchain/arm/arm-gnu-toolchain/bin/../lib/gcc/arm-none-eabi/6.3.1/../../../../arm-none-eabi/lib/thumb/v6-m\libm.a(lib_a-e_log10.o)
                              c:/program files (x86)/atmel/studio/7.0/toolchain/arm/arm-gnu-toolchain/bin/../lib/gcc/arm-none-eabi/6.3.1/../../../../arm-none-eabi/lib/thumb/v6-m\libm.a(lib_a-w_log10.o) (__ieee754_log10)
c:/program files (x86)/atmel/studio/7.0/toolchain/arm/arm-gnu-toolchain/bin/../lib/gcc/arm-none-eabi/6.3.1/../../../../arm-none-eabi/lib/thumb/v6-m\libm.a(lib_a-e_pow.o)
                              c:/program files (x86)/atmel/studio/7.0/toolchain/arm/arm-gnu-toolchain/bin/../lib/gcc/arm-none-eabi/6.3.1/../../../../arm-none-eabi/lib/thumb/v6-m\libm.a(lib_a-w_pow.o) (__ieee754_pow)
c:/program files (x86)/atmel/studio/7.0/toolchain/arm/arm-gnu-toolchain/bin/../lib/gcc/arm-none-eabi/6.3.1/../../../../arm-none-eabi/lib/thumb/v6-m\libm.a(lib_a-e_sqrt.o)
                              c:/program files (x86)/atmel/studio/7.0/toolchain/arm/arm-gnu-toolchain/bin/../lib/gcc/arm-none-eabi/6.3.1/../../../../arm-none-eabi/lib/thumb/v6-m\libm.a(lib_a-e_pow.o) (__ieee754_sqrt)
c:/program files (x86)/atmel/studio/7.0/toolchain/arm/arm-gnu-toolchain/bin/../lib/gcc/arm-none-eabi/6.3.1/../../../../arm-none-eabi/lib/thumb/v6-m\libm.a(lib_a-s_fabs.o)
                              c:/program files (x86)/atmel/studio/7.0/toolchain/arm/arm-gnu-toolchain/bin/../lib/gcc/arm-none-eabi/6.3.1/../../../../arm-none-eabi/lib/thumb/v6-m\libm.a(lib_a-e_pow.o) (fabs)
c:/program files (x86)/atmel/studio/7.0/toolchain/arm/arm-gnu-toolchain/bin/../lib/gcc/arm-none-eabi/6.3.1/../../../../arm-none-eabi/lib/thumb/v6-m\libm.a(lib_a-s_finite.o)
                              c:/program files (x86)/atmel/studio/7.0/toolchain/arm/arm-gnu-toolchain/bin/../lib/gcc/arm-none-eabi/6.3.1/../../../../arm-none-eabi/lib/thumb/v6-m\libm.a(lib_a-w_pow.o) (finite)
c:/program files (x86)/atmel/studio/7.0/toolchain/arm/arm-gnu-toolchain/bin/../lib/gcc/arm-none-eabi/6.3.1/../../../../arm-none-eabi/lib/thumb/v6-m\libm.a(lib_a-s_lib_ver.o)
                              c:/program files (x86)/atmel/studio/7.0/toolchain/arm/arm-gnu-toolchain/bin/../lib/gcc/arm-none-eabi/6.3.1/../../../../arm-none-eabi/lib/thumb/v6-m\libm.a(lib_a-w_log.o) (__fdlib_version)
c:/program files (x86)/atmel/studio/7.0/toolchain/arm/arm-gnu-toolchain/bin/../lib/gcc/arm-none-eabi/6.3.1/../../../../arm-none-eabi/lib/thumb/v6-m\libm.a(lib_a-s_matherr.o)
                              c:/program files (x86)/atmel/studio/7.0/toolchain/arm/arm-gnu-toolchain/bin/../lib/gcc/arm-none-eabi/6.3.1/../../../../arm-none-eabi/lib/thumb/v6-m\libm.a(lib_a-w_log.o) (matherr)
c:/program files (x86)/atmel/studio/7.0/toolchain/arm/arm-gnu-toolchain/bin/../lib/gcc/arm-none-eabi/6.3.1/../../../../arm-none-eabi/lib/thumb/v6-m\libm.a(lib_a-s_nan.o)
                              c:/program files (x86)/atmel/studio/7.0/toolchain/arm/arm-gnu-toolchain/bin/../lib/gcc/arm-none-eabi/6.3.1/../../../../arm-none-eabi/lib/thumb/v6-m\libm.a(lib_a-w_log.o) (nan)
c:/program files (x86)/atmel/studio/7.0/toolchain/arm/arm-gnu-toolchain/bin/../lib/gcc/arm-none-eabi/6.3.1/../../../../arm-none-eabi/lib/thumb/v6-m\libm.a(lib_a-s_rint.o)
                              c:/program files (x86)/atmel/studio/7.0/toolchain/arm/arm-gnu-toolchain/bin/../lib/gcc/arm-none-eabi/6.3.1/../../../../arm-none-eabi/lib/thumb/v6-m\libm.a(lib_a-w_pow.o) (rint)
c:/program files (x86)/atmel/studio/7.0/toolchain/arm/arm-gnu-toolchain/bin/../lib/gcc/arm-none-eabi/6.3.1/../../../../arm-none-eabi/lib/thumb/v6-m\libm.a(lib_a-s_scalbn.o)
                              c:/program files (x86)/atmel/studio/7.0/toolchain/arm/arm-gnu-toolchain/bin/../lib/gcc/arm-none-eabi/6.3.1/../../../../arm-none-eabi/lib/thumb/v6-m\libm.a(lib_a-e_pow.o) (scalbn)
[...]
Memory Configuration

Name             Origin             Length             Attributes
rom              0x00000000         0x00040000         xr
ram              0x20000000         0x00008000         xrw
*default*        0x00000000         0xffffffff

Linker script and memory map

LOAD c:/program files (x86)/atmel/studio/7.0/toolchain/arm/arm-gnu-toolchain/bin/../lib/gcc/arm-none-eabi/6.3.1/thumb/v6-m/crti.o
LOAD c:/program files (x86)/atmel/studio/7.0/toolchain/arm/arm-gnu-toolchain/bin/../lib/gcc/arm-none-eabi/6.3.1/thumb/v6-m/crtbegin.o
LOAD c:/program files (x86)/atmel/studio/7.0/toolchain/arm/arm-gnu-toolchain/bin/../lib/gcc/arm-none-eabi/6.3.1/../../../../arm-none-eabi/lib/thumb/v6-m/crt0.o
LOAD src/ASF/common2/services/delay/sam0/systick_counter.o
LOAD src/ASF/sam0/drivers/adc/adc_sam_d_r_h/adc.o
LOAD src/ASF/sam0/drivers/extint/extint_sam_d_r_h/extint.o
LOAD src/ASF/sam0/drivers/sercom/sercom.o
LOAD src/bme280.o
LOAD src/nrf24l01.o
LOAD src/spi_master.o
LOAD src/ASF/sam0/drivers/sercom/usart/usart.o
LOAD src/ASF/sam0/drivers/sercom/spi/spi.o
LOAD src/ASF/sam0/drivers/extint/extint_callback.o
LOAD src/ASF/sam0/drivers/port/port.o
LOAD src/ASF/common2/boards/user_board/init.o
LOAD src/ASF/common/utils/interrupt/interrupt_sam_nvic.o
LOAD src/ASF/sam0/drivers/system/clock/clock_samd21_r21_da_ha1/clock.o
LOAD src/ASF/sam0/drivers/system/clock/clock_samd21_r21_da_ha1/gclk.o
LOAD src/ASF/sam0/drivers/system/interrupt/system_interrupt.o
LOAD src/ASF/sam0/drivers/system/pinmux/pinmux.o
LOAD src/ASF/sam0/drivers/system/system.o
LOAD src/ASF/sam0/utils/cmsis/samd21/source/gcc/startup_samd21.o
LOAD src/ASF/sam0/utils/cmsis/samd21/source/system_samd21.o
LOAD src/ASF/sam0/utils/syscalls/gcc/syscalls.o
LOAD src/main.o
START GROUP
LOAD ../src/ASF/thirdparty/CMSIS/Lib/GCC\libarm_cortexM0l_math.a
LOAD c:/program files (x86)/atmel/studio/7.0/toolchain/arm/arm-gnu-toolchain/bin/../lib/gcc/arm-none-eabi/6.3.1/../../../../arm-none-eabi/lib/thumb/v6-m\libm.a
END GROUP
START GROUP
LOAD c:/program files (x86)/atmel/studio/7.0/toolchain/arm/arm-gnu-toolchain/bin/../lib/gcc/arm-none-eabi/6.3.1/thumb/v6-m\libgcc.a
LOAD c:/program files (x86)/atmel/studio/7.0/toolchain/arm/arm-gnu-toolchain/bin/../lib/gcc/arm-none-eabi/6.3.1/../../../../arm-none-eabi/lib/thumb/v6-m\libc_nano.a
END GROUP
START GROUP
LOAD c:/program files (x86)/atmel/studio/7.0/toolchain/arm/arm-gnu-toolchain/bin/../lib/gcc/arm-none-eabi/6.3.1/thumb/v6-m\libgcc.a
LOAD c:/program files (x86)/atmel/studio/7.0/toolchain/arm/arm-gnu-toolchain/bin/../lib/gcc/arm-none-eabi/6.3.1/../../../../arm-none-eabi/lib/thumb/v6-m\libc_nano.a
END GROUP
LOAD c:/program files (x86)/atmel/studio/7.0/toolchain/arm/arm-gnu-toolchain/bin/../lib/gcc/arm-none-eabi/6.3.1/thumb/v6-m/crtend.o
LOAD c:/program files (x86)/atmel/studio/7.0/toolchain/arm/arm-gnu-toolchain/bin/../lib/gcc/arm-none-eabi/6.3.1/thumb/v6-m/crtn.o
                0x00002000                STACK_SIZE = DEFINED (STACK_SIZE)?STACK_SIZE:DEFINED (__stack_size__)?__stack_size__:0x2000

.text           0x00000000     0x7508
                0x00000000                . = ALIGN (0x4)
                0x00000000                _sfixed = .
 *(.vectors .vectors.*)
 .vectors       0x00000000       0xb4 src/ASF/sam0/utils/cmsis/samd21/source/gcc/startup_samd21.o
                0x00000000                exception_table
 *(.text .text.* .gnu.linkonce.t.*)
 .text          0x000000b4       0x60 c:/program files (x86)/atmel/studio/7.0/toolchain/arm/arm-gnu-toolchain/bin/../lib/gcc/arm-none-eabi/6.3.1/thumb/v6-m/crtbegin.o
 .text.delay_cycles
                0x00000114       0x34 src/ASF/common2/services/delay/sam0/systick_counter.o
 .text.delay_init
                0x00000148       0x58 src/ASF/common2/services/delay/sam0/systick_counter.o
                0x00000148                delay_init
 .text.delay_cycles_ms
                0x000001a0       0x30 src/ASF/common2/services/delay/sam0/systick_counter.o
                0x000001a0                delay_cycles_ms
 .text.system_gclk_chan_get_config_defaults
                0x000001d0       0x16 src/ASF/sam0/drivers/extint/extint_sam_d_r_h/extint.o
 *fill*         0x000001e6        0x2 
 .text.system_apb_clock_set_mask
                0x000001e8       0x5c src/ASF/sam0/drivers/extint/extint_sam_d_r_h/extint.o
 .text.system_interrupt_enable
                0x00000244       0x2c src/ASF/sam0/drivers/extint/extint_sam_d_r_h/extint.o
 .text.extint_is_syncing
                0x00000270       0x48 src/ASF/sam0/drivers/extint/extint_sam_d_r_h/extint.o
 .text._system_extint_init
                0x000002b8       0xe0 src/ASF/sam0/drivers/extint/extint_sam_d_r_h/extint.o
                0x000002b8                _system_extint_init
 .text._extint_enable
                0x00000398       0x64 src/ASF/sam0/drivers/extint/extint_sam_d_r_h/extint.o
 .text.system_gclk_chan_get_config_defaults
                0x000003fc       0x16 src/ASF/sam0/drivers/sercom/sercom.o
 .text._sercom_get_sync_baud_val
                0x00000412       0x7c src/ASF/sam0/drivers/sercom/sercom.o
                0x00000412                _sercom_get_sync_baud_val
 *fill*         0x0000048e        0x2 
 .text.sercom_set_gclk_generator
                0x00000490       0x8c src/ASF/sam0/drivers/sercom/sercom.o
                0x00000490                sercom_set_gclk_generator
 .text._sercom_get_default_pad
                0x0000051c      0x1bc src/ASF/sam0/drivers/sercom/sercom.o
                0x0000051c                _sercom_get_default_pad
 .text._sercom_get_sercom_inst_index
                0x000006d8       0x50 src/ASF/sam0/drivers/sercom/sercom.o
                0x000006d8                _sercom_get_sercom_inst_index
 .text.bme280_spi_write
                0x00000728       0x5c src/bme280.o
                0x00000728                bme280_spi_write
 .text.bme280_spi_read
                0x00000784       0x84 src/bme280.o
                0x00000784                bme280_spi_read
 .text.bme280_read_temp
                0x00000808       0x60 src/bme280.o
                0x00000808                bme280_read_temp
 .text.bme280_read_pres
                0x00000868       0x60 src/bme280.o
                0x00000868                bme280_read_pres
 .text.bme280_read_hum
                0x000008c8       0x60 src/bme280.o
                0x000008c8                bme280_read_hum
 .text.bme280_get_cal_data
                0x00000928       0x80 src/bme280.o
                0x00000928                bme280_get_cal_data
 .text.bme280_calc_cal
                0x000009a8      0x204 src/bme280.o
                0x000009a8                bme280_calc_cal
 .text.bme280_calc_temp
                0x00000bac       0x78 src/bme280.o
                0x00000bac                bme280_calc_temp
 .text.bme280_calc_pres
                0x00000c24      0x15c src/bme280.o
                0x00000c24                bme280_calc_pres
 .text.bme280_calc_hum
                0x00000d80      0x23c src/bme280.o
                0x00000d80                bme280_calc_hum
 .text.bme280_calc_dew
                0x00000fbc      0x288 src/bme280.o
                0x00000fbc                bme280_calc_dew
 .text.bme280_get_all_calced
                0x00001244      0x110 src/bme280.o
                0x00001244                bme280_get_all_calced
 .text.bme280_force_update
                0x00001354       0x34 src/bme280.o
                0x00001354                bme280_force_update
 .text.bme280_init
                0x00001388       0x8c src/bme280.o
                0x00001388                bme280_init
 .text.bme280_data_compress
                0x00001414       0x5e src/bme280.o
                0x00001414                bme280_data_compress
 *fill*         0x00001472        0x2 
 .text.system_pinmux_get_group_from_gpio_pin
                0x00001474       0x60 src/nrf24l01.o
 .text.port_get_group_from_gpio_pin
                0x000014d4       0x24 src/nrf24l01.o
 .text.port_pin_set_output_level
                0x000014f8       0x54 src/nrf24l01.o
 .text.nrf24l01_spi_write
                0x0000154c       0x34 src/nrf24l01.o
                0x0000154c                nrf24l01_spi_write
 .text.nrf24l01_spi_write_single
                0x00001580       0x20 src/nrf24l01.o
                0x00001580                nrf24l01_spi_write_single
 .text.nrf24l01_spi_read
                0x000015a0       0x6c src/nrf24l01.o
                0x000015a0                nrf24l01_spi_read
 .text.NRF_CS_Set
                0x0000160c       0x24 src/nrf24l01.o
                0x0000160c                NRF_CS_Set
 .text.NRF_CS_Clear
                0x00001630       0x24 src/nrf24l01.o
                0x00001630                NRF_CS_Clear
 .text.NRF_CE_Set
                0x00001654       0x18 src/nrf24l01.o
                0x00001654                NRF_CE_Set
 .text.NRF_CE_Clear
                0x0000166c       0x18 src/nrf24l01.o
                0x0000166c                NRF_CE_Clear
 .text.NRF_Enter_TX_Mode
                0x00001684       0x74 src/nrf24l01.o
                0x00001684                NRF_Enter_TX_Mode
 .text.NRF_Read_single
                0x000016f8       0x2c src/nrf24l01.o
                0x000016f8                NRF_Read_single
 .text.NRF_Write
                0x00001724       0x6c src/nrf24l01.o
                0x00001724                NRF_Write
 .text.NRF_Write_2
                0x00001790       0x28 src/nrf24l01.o
                0x00001790                NRF_Write_2
 .text.NRF_Write_1
                0x000017b8       0x24 src/nrf24l01.o
                0x000017b8                NRF_Write_1
 .text.NRF_TX_data
                0x000017dc      0x190 src/nrf24l01.o
                0x000017dc                NRF_TX_data
 .text.system_pinmux_get_group_from_gpio_pin
                0x0000196c       0x60 src/spi_master.o
 .text.port_get_group_from_gpio_pin
                0x000019cc       0x24 src/spi_master.o
 .text.port_get_config_defaults
                0x000019f0       0x22 src/spi_master.o
 *fill*         0x00001a12        0x2 
 .text.port_pin_set_output_level
                0x00001a14       0x54 src/spi_master.o
 .text.spi_is_syncing
                0x00001a68       0x20 src/spi_master.o
 .text.spi_get_config_defaults
                0x00001a88       0x84 src/spi_master.o
 .text.spi_slave_inst_get_config_defaults
                0x00001b0c       0x22 src/spi_master.o
 *fill*         0x00001b2e        0x2 
 .text.spi_attach_slave
                0x00001b30       0x64 src/spi_master.o
 .text.spi_enable
                0x00001b94       0x34 src/spi_master.o
 .text.spi_master_init
                0x00001bc8       0xc8 src/spi_master.o
                0x00001bc8                spi_master_init
 .text.system_pinmux_get_config_defaults
                0x00001c90       0x28 src/ASF/sam0/drivers/sercom/spi/spi.o
 .text.system_pinmux_get_group_from_gpio_pin
                0x00001cb8       0x60 src/ASF/sam0/drivers/sercom/spi/spi.o
 .text.system_pinmux_pin_get_mux_position
                0x00001d18       0x7c src/ASF/sam0/drivers/sercom/spi/spi.o
 .text.port_get_group_from_gpio_pin
                0x00001d94       0x24 src/ASF/sam0/drivers/sercom/spi/spi.o
 .text.port_pin_set_output_level
                0x00001db8       0x54 src/ASF/sam0/drivers/sercom/spi/spi.o
 .text.system_gclk_chan_get_config_defaults
                0x00001e0c       0x16 src/ASF/sam0/drivers/sercom/spi/spi.o
 *fill*         0x00001e22        0x2 
 .text.system_apb_clock_set_mask
                0x00001e24       0x5c src/ASF/sam0/drivers/sercom/spi/spi.o
 .text.system_is_debugger_present
                0x00001e80       0x20 src/ASF/sam0/drivers/sercom/spi/spi.o
 .text.spi_is_write_complete
                0x00001ea0       0x28 src/ASF/sam0/drivers/sercom/spi/spi.o
 .text.spi_is_ready_to_write
                0x00001ec8       0x28 src/ASF/sam0/drivers/sercom/spi/spi.o
 .text.spi_is_ready_to_read
                0x00001ef0       0x28 src/ASF/sam0/drivers/sercom/spi/spi.o
 .text.spi_write
                0x00001f18       0x48 src/ASF/sam0/drivers/sercom/spi/spi.o
 .text.spi_read
                0x00001f60       0x88 src/ASF/sam0/drivers/sercom/spi/spi.o
 .text._spi_clear_tx_complete_flag
                0x00001fe8       0x1c src/ASF/sam0/drivers/sercom/spi/spi.o
 .text._spi_set_config
                0x00002004      0x250 src/ASF/sam0/drivers/sercom/spi/spi.o
 .text._spi_check_config
                0x00002254      0x234 src/ASF/sam0/drivers/sercom/spi/spi.o
 .text.spi_init
                0x00002488      0x108 src/ASF/sam0/drivers/sercom/spi/spi.o
                0x00002488                spi_init
 .text.spi_read_buffer_wait
                0x00002590      0x1ac src/ASF/sam0/drivers/sercom/spi/spi.o
                0x00002590                spi_read_buffer_wait
 .text.spi_select_slave
                0x0000273c       0xf0 src/ASF/sam0/drivers/sercom/spi/spi.o
                0x0000273c                spi_select_slave
 .text.spi_write_buffer_wait
                0x0000282c      0x314 src/ASF/sam0/drivers/sercom/spi/spi.o
                0x0000282c                spi_write_buffer_wait
 .text._extint_get_eic_from_channel
                0x00002b40       0x4c src/ASF/sam0/drivers/extint/extint_callback.o
 .text.extint_chan_is_detected
                0x00002b8c       0x44 src/ASF/sam0/drivers/extint/extint_callback.o
 .text.extint_chan_clear_detected
                0x00002bd0       0x3c src/ASF/sam0/drivers/extint/extint_callback.o
 .text.EIC_Handler
                0x00002c0c       0x6c src/ASF/sam0/drivers/extint/extint_callback.o
                0x00002c0c                EIC_Handler
 .text.system_pinmux_get_config_defaults
                0x00002c78       0x28 src/ASF/sam0/drivers/port/port.o
 .text.port_pin_set_config
                0x00002ca0       0x60 src/ASF/sam0/drivers/port/port.o
                0x00002ca0                port_pin_set_config
 .text.system_board_init
                0x00002d00        0xa src/ASF/common2/boards/user_board/init.o
                0x00002d00                board_init
                0x00002d00                system_board_init
 *fill*         0x00002d0a        0x2 
 .text.cpu_irq_enter_critical
                0x00002d0c       0x54 src/ASF/common/utils/interrupt/interrupt_sam_nvic.o
                0x00002d0c                cpu_irq_enter_critical
 .text.cpu_irq_leave_critical
                0x00002d60       0x40 src/ASF/common/utils/interrupt/interrupt_sam_nvic.o
                0x00002d60                cpu_irq_leave_critical
 .text.system_gclk_gen_get_config_defaults
                0x00002da0       0x2e src/ASF/sam0/drivers/system/clock/clock_samd21_r21_da_ha1/clock.o
 .text.system_clock_source_osc8m_get_config_defaults
                0x00002dce       0x22 src/ASF/sam0/drivers/system/clock/clock_samd21_r21_da_ha1/clock.o
 .text.system_cpu_clock_set_divider
                0x00002df0       0x20 src/ASF/sam0/drivers/system/clock/clock_samd21_r21_da_ha1/clock.o
 .text.system_apb_clock_set_divider
                0x00002e10       0x54 src/ASF/sam0/drivers/system/clock/clock_samd21_r21_da_ha1/clock.o
 .text.system_flash_set_waitstates
                0x00002e64       0x34 src/ASF/sam0/drivers/system/clock/clock_samd21_r21_da_ha1/clock.o
 .text._system_dfll_wait_for_sync
                0x00002e98       0x1c src/ASF/sam0/drivers/system/clock/clock_samd21_r21_da_ha1/clock.o
 .text._system_clock_source_dfll_set_config_errata_9905
                0x00002eb4       0x44 src/ASF/sam0/drivers/system/clock/clock_samd21_r21_da_ha1/clock.o
 .text.system_clock_source_get_hz
                0x00002ef8       0xc0 src/ASF/sam0/drivers/system/clock/clock_samd21_r21_da_ha1/clock.o
                0x00002ef8                system_clock_source_get_hz
 .text.system_clock_source_osc8m_set_config
                0x00002fb8       0x78 src/ASF/sam0/drivers/system/clock/clock_samd21_r21_da_ha1/clock.o
                0x00002fb8                system_clock_source_osc8m_set_config
 .text.system_clock_source_enable
                0x00003030       0xac src/ASF/sam0/drivers/system/clock/clock_samd21_r21_da_ha1/clock.o
                0x00003030                system_clock_source_enable
 .text._switch_peripheral_gclk
                0x000030dc       0x38 src/ASF/sam0/drivers/system/clock/clock_samd21_r21_da_ha1/clock.o
 .text.system_clock_init
                0x00003114       0xd4 src/ASF/sam0/drivers/system/clock/clock_samd21_r21_da_ha1/clock.o
                0x00003114                system_clock_init
 .text.system_apb_clock_set_mask
                0x000031e8       0x5c src/ASF/sam0/drivers/system/clock/clock_samd21_r21_da_ha1/gclk.o
 .text.system_interrupt_enter_critical_section
                0x00003244       0x14 src/ASF/sam0/drivers/system/clock/clock_samd21_r21_da_ha1/gclk.o
 .text.system_interrupt_leave_critical_section
                0x00003258       0x14 src/ASF/sam0/drivers/system/clock/clock_samd21_r21_da_ha1/gclk.o
 .text.system_gclk_is_syncing
                0x0000326c       0x20 src/ASF/sam0/drivers/system/clock/clock_samd21_r21_da_ha1/gclk.o
 .text.system_gclk_init
                0x0000328c       0x30 src/ASF/sam0/drivers/system/clock/clock_samd21_r21_da_ha1/gclk.o
                0x0000328c                system_gclk_init
 .text.system_gclk_gen_set_config
                0x000032bc      0x124 src/ASF/sam0/drivers/system/clock/clock_samd21_r21_da_ha1/gclk.o
                0x000032bc                system_gclk_gen_set_config
 .text.system_gclk_gen_enable
                0x000033e0       0x5c src/ASF/sam0/drivers/system/clock/clock_samd21_r21_da_ha1/gclk.o
                0x000033e0                system_gclk_gen_enable
 .text.system_gclk_gen_get_hz
                0x0000343c       0xd8 src/ASF/sam0/drivers/system/clock/clock_samd21_r21_da_ha1/gclk.o
                0x0000343c                system_gclk_gen_get_hz
 .text.system_gclk_chan_set_config
                0x00003514       0x44 src/ASF/sam0/drivers/system/clock/clock_samd21_r21_da_ha1/gclk.o
                0x00003514                system_gclk_chan_set_config
 .text.system_gclk_chan_enable
                0x00003558       0x48 src/ASF/sam0/drivers/system/clock/clock_samd21_r21_da_ha1/gclk.o
                0x00003558                system_gclk_chan_enable
 .text.system_gclk_chan_disable
                0x000035a0       0x98 src/ASF/sam0/drivers/system/clock/clock_samd21_r21_da_ha1/gclk.o
                0x000035a0                system_gclk_chan_disable
 .text.system_gclk_chan_get_hz
                0x00003638       0x58 src/ASF/sam0/drivers/system/clock/clock_samd21_r21_da_ha1/gclk.o
                0x00003638                system_gclk_chan_get_hz
 .text.system_pinmux_get_group_from_gpio_pin
                0x00003690       0x60 src/ASF/sam0/drivers/system/pinmux/pinmux.o
 .text._system_pinmux_config
                0x000036f0      0x110 src/ASF/sam0/drivers/system/pinmux/pinmux.o
 .text.system_pinmux_pin_set_config
                0x00003800       0x48 src/ASF/sam0/drivers/system/pinmux/pinmux.o
                0x00003800                system_pinmux_pin_set_config
 .text._system_dummy_init
                0x00003848        0xa src/ASF/sam0/drivers/system/system.o
                0x00003848                _system_events_init
                0x00003848                _system_dummy_init
                0x00003848                _system_divas_init
 *fill*         0x00003852        0x2 
 .text.system_init
                0x00003854       0x34 src/ASF/sam0/drivers/system/system.o
                0x00003854                system_init
 .text.Reset_Handler
                0x00003888       0xf8 src/ASF/sam0/utils/cmsis/samd21/source/gcc/startup_samd21.o
                0x00003888                Reset_Handler
 .text.Dummy_Handler
                0x00003980       0x18 src/ASF/sam0/utils/cmsis/samd21/source/gcc/startup_samd21.o
                0x00003980                DMAC_Handler
                0x00003980                HardFault_Handler
                0x00003980                AC_Handler
                0x00003980                SysTick_Handler
                0x00003980                PendSV_Handler
                0x00003980                NMI_Handler
                0x00003980                TC7_Handler
                0x00003980                SERCOM1_Handler
                0x00003980                ADC_Handler
                0x00003980                TCC1_Handler
                0x00003980                SERCOM2_Handler
                0x00003980                TCC0_Handler
                0x00003980                RTC_Handler
                0x00003980                TC6_Handler
                0x00003980                WDT_Handler
                0x00003980                TC4_Handler
                0x00003980                USB_Handler
                0x00003980                TC3_Handler
                0x00003980                Dummy_Handler
                0x00003980                PM_Handler
                0x00003980                SERCOM5_Handler
                0x00003980                SVC_Handler
                0x00003980                TCC2_Handler
                0x00003980                EVSYS_Handler
                0x00003980                SERCOM3_Handler
                0x00003980                SERCOM4_Handler
                0x00003980                I2S_Handler
                0x00003980                NVMCTRL_Handler
                0x00003980                SERCOM0_Handler
                0x00003980                DAC_Handler
                0x00003980                PTC_Handler
                0x00003980                TC5_Handler
                0x00003980                SYSCTRL_Handler
 .text.main     0x00003998       0x80 src/main.o
                0x00003998                main
 .text.log      0x00003a18      0x110 c:/program files (x86)/atmel/studio/7.0/toolchain/arm/arm-gnu-toolchain/bin/../lib/gcc/arm-none-eabi/6.3.1/../../../../arm-none-eabi/lib/thumb/v6-m\libm.a(lib_a-w_log.o)
                0x00003a18                log
 .text.log10    0x00003b28      0x118 c:/program files (x86)/atmel/studio/7.0/toolchain/arm/arm-gnu-toolchain/bin/../lib/gcc/arm-none-eabi/6.3.1/../../../../arm-none-eabi/lib/thumb/v6-m\libm.a(lib_a-w_log10.o)
                0x00003b28                log10
 .text.pow      0x00003c40      0x358 c:/program files (x86)/atmel/studio/7.0/toolchain/arm/arm-gnu-toolchain/bin/../lib/gcc/arm-none-eabi/6.3.1/../../../../arm-none-eabi/lib/thumb/v6-m\libm.a(lib_a-w_pow.o)
                0x00003c40                pow
 .text.__ieee754_log
                0x00003f98      0x404 c:/program files (x86)/atmel/studio/7.0/toolchain/arm/arm-gnu-toolchain/bin/../lib/gcc/arm-none-eabi/6.3.1/../../../../arm-none-eabi/lib/thumb/v6-m\libm.a(lib_a-e_log.o)
                0x00003f98                __ieee754_log
 .text.__ieee754_log10
                0x0000439c      0x124 c:/program files (x86)/atmel/studio/7.0/toolchain/arm/arm-gnu-toolchain/bin/../lib/gcc/arm-none-eabi/6.3.1/../../../../arm-none-eabi/lib/thumb/v6-m\libm.a(lib_a-e_log10.o)
                0x0000439c                __ieee754_log10
 .text.__ieee754_pow
                0x000044c0      0xa6c c:/program files (x86)/atmel/studio/7.0/toolchain/arm/arm-gnu-toolchain/bin/../lib/gcc/arm-none-eabi/6.3.1/../../../../arm-none-eabi/lib/thumb/v6-m\libm.a(lib_a-e_pow.o)
                0x000044c0                __ieee754_pow
 .text.__ieee754_sqrt
                0x00004f2c      0x1c0 c:/program files (x86)/atmel/studio/7.0/toolchain/arm/arm-gnu-toolchain/bin/../lib/gcc/arm-none-eabi/6.3.1/../../../../arm-none-eabi/lib/thumb/v6-m\libm.a(lib_a-e_sqrt.o)
                0x00004f2c                __ieee754_sqrt
 .text.fabs     0x000050ec        0x8 c:/program files (x86)/atmel/studio/7.0/toolchain/arm/arm-gnu-toolchain/bin/../lib/gcc/arm-none-eabi/6.3.1/../../../../arm-none-eabi/lib/thumb/v6-m\libm.a(lib_a-s_fabs.o)
                0x000050ec                fabs
 .text.finite   0x000050f4       0x14 c:/program files (x86)/atmel/studio/7.0/toolchain/arm/arm-gnu-toolchain/bin/../lib/gcc/arm-none-eabi/6.3.1/../../../../arm-none-eabi/lib/thumb/v6-m\libm.a(lib_a-s_finite.o)
                0x000050f4                finite
 .text.matherr  0x00005108        0x4 c:/program files (x86)/atmel/studio/7.0/toolchain/arm/arm-gnu-toolchain/bin/../lib/gcc/arm-none-eabi/6.3.1/../../../../arm-none-eabi/lib/thumb/v6-m\libm.a(lib_a-s_matherr.o)
                0x00005108                matherr
 .text.nan      0x0000510c        0xc c:/program files (x86)/atmel/studio/7.0/toolchain/arm/arm-gnu-toolchain/bin/../lib/gcc/arm-none-eabi/6.3.1/../../../../arm-none-eabi/lib/thumb/v6-m\libm.a(lib_a-s_nan.o)
                0x0000510c                nan
 .text.rint     0x00005118      0x144 c:/program files (x86)/atmel/studio/7.0/toolchain/arm/arm-gnu-toolchain/bin/../lib/gcc/arm-none-eabi/6.3.1/../../../../arm-none-eabi/lib/thumb/v6-m\libm.a(lib_a-s_rint.o)
                0x00005118                rint
 .text.scalbn   0x0000525c       0xd0 c:/program files (x86)/atmel/studio/7.0/toolchain/arm/arm-gnu-toolchain/bin/../lib/gcc/arm-none-eabi/6.3.1/../../../../arm-none-eabi/lib/thumb/v6-m\libm.a(lib_a-s_scalbn.o)
                0x0000525c                scalbn
 .text.copysign
                0x0000532c       0x10 c:/program files (x86)/atmel/studio/7.0/toolchain/arm/arm-gnu-toolchain/bin/../lib/gcc/arm-none-eabi/6.3.1/../../../../arm-none-eabi/lib/thumb/v6-m\libm.a(lib_a-s_copysign.o)
                0x0000532c                copysign
 .text          0x0000533c      0x114 c:/program files (x86)/atmel/studio/7.0/toolchain/arm/arm-gnu-toolchain/bin/../lib/gcc/arm-none-eabi/6.3.1/thumb/v6-m\libgcc.a(_udivsi3.o)
                0x0000533c                __aeabi_uidiv
                0x0000533c                __udivsi3
                0x00005448                __aeabi_uidivmod
 .text          0x00005450      0x1d4 c:/program files (x86)/atmel/studio/7.0/toolchain/arm/arm-gnu-toolchain/bin/../lib/gcc/arm-none-eabi/6.3.1/thumb/v6-m\libgcc.a(_divsi3.o)
                0x00005450                __divsi3
                0x00005450                __aeabi_idiv
                0x0000561c                __aeabi_idivmod
 .text          0x00005624        0x4 c:/program files (x86)/atmel/studio/7.0/toolchain/arm/arm-gnu-toolchain/bin/../lib/gcc/arm-none-eabi/6.3.1/thumb/v6-m\libgcc.a(_dvmd_tls.o)
                0x00005624                __aeabi_idiv0
                0x00005624                __aeabi_ldiv0
 .text          0x00005628       0x7c c:/program files (x86)/atmel/studio/7.0/toolchain/arm/arm-gnu-toolchain/bin/../lib/gcc/arm-none-eabi/6.3.1/thumb/v6-m\libgcc.a(_arm_cmpdf2.o)
                0x00005628                __aeabi_cdrcmple
                0x00005638                __aeabi_cdcmple
                0x00005638                __aeabi_cdcmpeq
                0x00005648                __aeabi_dcmpeq
                0x00005654                __aeabi_dcmplt
                0x00005668                __aeabi_dcmple
                0x0000567c                __aeabi_dcmpgt
                0x00005690                __aeabi_dcmpge
 .text          0x000056a4      0x620 c:/program files (x86)/atmel/studio/7.0/toolchain/arm/arm-gnu-toolchain/bin/../lib/gcc/arm-none-eabi/6.3.1/thumb/v6-m\libgcc.a(adddf3.o)
                0x000056a4                __aeabi_dadd
 .text          0x00005cc4      0x668 c:/program files (x86)/atmel/studio/7.0/toolchain/arm/arm-gnu-toolchain/bin/../lib/gcc/arm-none-eabi/6.3.1/thumb/v6-m\libgcc.a(divdf3.o)
                0x00005cc4                __aeabi_ddiv
 .text          0x0000632c       0x74 c:/program files (x86)/atmel/studio/7.0/toolchain/arm/arm-gnu-toolchain/bin/../lib/gcc/arm-none-eabi/6.3.1/thumb/v6-m\libgcc.a(eqdf2.o)
                0x0000632c                __nedf2
                0x0000632c                __eqdf2
 .text          0x000063a0       0xc8 c:/program files (x86)/atmel/studio/7.0/toolchain/arm/arm-gnu-toolchain/bin/../lib/gcc/arm-none-eabi/6.3.1/thumb/v6-m\libgcc.a(gedf2.o)
                0x000063a0                __gedf2
                0x000063a0                __gtdf2
 .text          0x00006468       0xc4 c:/program files (x86)/atmel/studio/7.0/toolchain/arm/arm-gnu-toolchain/bin/../lib/gcc/arm-none-eabi/6.3.1/thumb/v6-m\libgcc.a(ledf2.o)
                0x00006468                __ledf2
                0x00006468                __ltdf2
 .text          0x0000652c      0x500 c:/program files (x86)/atmel/studio/7.0/toolchain/arm/arm-gnu-toolchain/bin/../lib/gcc/arm-none-eabi/6.3.1/thumb/v6-m\libgcc.a(muldf3.o)
                0x0000652c                __aeabi_dmul
 .text          0x00006a2c      0x62c c:/program files (x86)/atmel/studio/7.0/toolchain/arm/arm-gnu-toolchain/bin/../lib/gcc/arm-none-eabi/6.3.1/thumb/v6-m\libgcc.a(subdf3.o)
                0x00006a2c                __aeabi_dsub
 .text          0x00007058       0x40 c:/program files (x86)/atmel/studio/7.0/toolchain/arm/arm-gnu-toolchain/bin/../lib/gcc/arm-none-eabi/6.3.1/thumb/v6-m\libgcc.a(unorddf2.o)
                0x00007058                __aeabi_dcmpun
 .text          0x00007098       0x84 c:/program files (x86)/atmel/studio/7.0/toolchain/arm/arm-gnu-toolchain/bin/../lib/gcc/arm-none-eabi/6.3.1/thumb/v6-m\libgcc.a(floatsidf.o)
                0x00007098                __aeabi_i2d
 .text          0x0000711c       0x70 c:/program files (x86)/atmel/studio/7.0/toolchain/arm/arm-gnu-toolchain/bin/../lib/gcc/arm-none-eabi/6.3.1/thumb/v6-m\libgcc.a(floatunsidf.o)
                0x0000711c                __aeabi_ui2d
 .text          0x0000718c       0xa4 c:/program files (x86)/atmel/studio/7.0/toolchain/arm/arm-gnu-toolchain/bin/../lib/gcc/arm-none-eabi/6.3.1/thumb/v6-m\libgcc.a(extendsfdf2.o)
                0x0000718c                __aeabi_f2d
 .text          0x00007230      0x114 c:/program files (x86)/atmel/studio/7.0/toolchain/arm/arm-gnu-toolchain/bin/../lib/gcc/arm-none-eabi/6.3.1/thumb/v6-m\libgcc.a(truncdfsf2.o)
                0x00007230                __aeabi_d2f
 .text          0x00007344       0x3c c:/program files (x86)/atmel/studio/7.0/toolchain/arm/arm-gnu-toolchain/bin/../lib/gcc/arm-none-eabi/6.3.1/thumb/v6-m\libgcc.a(_clzsi2.o)
                0x00007344                __clzsi2
 .text.__errno  0x00007380        0xc c:/program files (x86)/atmel/studio/7.0/toolchain/arm/arm-gnu-toolchain/bin/../lib/gcc/arm-none-eabi/6.3.1/../../../../arm-none-eabi/lib/thumb/v6-m\libc_nano.a(lib_a-errno.o)
                0x00007380                __errno
 .text.__libc_init_array
                0x0000738c       0x48 c:/program files (x86)/atmel/studio/7.0/toolchain/arm/arm-gnu-toolchain/bin/../lib/gcc/arm-none-eabi/6.3.1/../../../../arm-none-eabi/lib/thumb/v6-m\libc_nano.a(lib_a-init.o)
                0x0000738c                __libc_init_array
 .text.memset   0x000073d4       0x10 c:/program files (x86)/atmel/studio/7.0/toolchain/arm/arm-gnu-toolchain/bin/../lib/gcc/arm-none-eabi/6.3.1/../../../../arm-none-eabi/lib/thumb/v6-m\libc_nano.a(lib_a-memset.o)
                0x000073d4                memset
 *(.glue_7t)
 .glue_7t       0x000073e4        0x0 linker stubs
 *(.glue_7)
 .glue_7        0x000073e4        0x0 linker stubs
 *(.rodata .rodata* .gnu.linkonce.r.*)
 .rodata        0x000073e4       0x18 src/ASF/sam0/drivers/sercom/sercom.o
 .rodata.system_clock_source_get_hz
                0x000073fc       0x24 src/ASF/sam0/drivers/system/clock/clock_samd21_r21_da_ha1/clock.o
 .rodata.system_clock_source_enable
                0x00007420       0x24 src/ASF/sam0/drivers/system/clock/clock_samd21_r21_da_ha1/clock.o
 .rodata.log.str1.4
                0x00007444        0x5 c:/program files (x86)/atmel/studio/7.0/toolchain/arm/arm-gnu-toolchain/bin/../lib/gcc/arm-none-eabi/6.3.1/../../../../arm-none-eabi/lib/thumb/v6-m\libm.a(lib_a-w_log.o)
 *fill*         0x00007449        0x3 
 .rodata.log10.str1.4
                0x0000744c        0x6 c:/program files (x86)/atmel/studio/7.0/toolchain/arm/arm-gnu-toolchain/bin/../lib/gcc/arm-none-eabi/6.3.1/../../../../arm-none-eabi/lib/thumb/v6-m\libm.a(lib_a-w_log10.o)
                                  0x9 (size before relaxing)
 *fill*         0x00007452        0x2 
 .rodata.pow.str1.4
                0x00007454        0x4 c:/program files (x86)/atmel/studio/7.0/toolchain/arm/arm-gnu-toolchain/bin/../lib/gcc/arm-none-eabi/6.3.1/../../../../arm-none-eabi/lib/thumb/v6-m\libm.a(lib_a-w_pow.o)
 .rodata.__ieee754_pow.str1.4
                0x00007458        0x1 c:/program files (x86)/atmel/studio/7.0/toolchain/arm/arm-gnu-toolchain/bin/../lib/gcc/arm-none-eabi/6.3.1/../../../../arm-none-eabi/lib/thumb/v6-m\libm.a(lib_a-e_pow.o)
 .rodata.TWO52  0x00007458       0x10 c:/program files (x86)/atmel/studio/7.0/toolchain/arm/arm-gnu-toolchain/bin/../lib/gcc/arm-none-eabi/6.3.1/../../../../arm-none-eabi/lib/thumb/v6-m\libm.a(lib_a-s_rint.o)
 .rodata        0x00007468       0x40 c:/program files (x86)/atmel/studio/7.0/toolchain/arm/arm-gnu-toolchain/bin/../lib/gcc/arm-none-eabi/6.3.1/thumb/v6-m\libgcc.a(divdf3.o)
 .rodata        0x000074a8       0x40 c:/program files (x86)/atmel/studio/7.0/toolchain/arm/arm-gnu-toolchain/bin/../lib/gcc/arm-none-eabi/6.3.1/thumb/v6-m\libgcc.a(muldf3.o)
 *(.ARM.extab* .gnu.linkonce.armextab.*)
                0x000074e8                . = ALIGN (0x4)
 *(.init)
 .init          0x000074e8        0x4 c:/program files (x86)/atmel/studio/7.0/toolchain/arm/arm-gnu-toolchain/bin/../lib/gcc/arm-none-eabi/6.3.1/thumb/v6-m/crti.o
                0x000074e8                _init
 .init          0x000074ec        0x8 c:/program files (x86)/atmel/studio/7.0/toolchain/arm/arm-gnu-toolchain/bin/../lib/gcc/arm-none-eabi/6.3.1/thumb/v6-m/crtn.o
                0x000074f4                . = ALIGN (0x4)
                0x000074f4                __preinit_array_start = .
 *(.preinit_array)
                0x000074f4                __preinit_array_end = .
                0x000074f4                . = ALIGN (0x4)
                0x000074f4                __init_array_start = .
 *(SORT(.init_array.*))
 *(.init_array)
 .init_array    0x000074f4        0x4 c:/program files (x86)/atmel/studio/7.0/toolchain/arm/arm-gnu-toolchain/bin/../lib/gcc/arm-none-eabi/6.3.1/thumb/v6-m/crtbegin.o
                0x000074f8                __init_array_end = .
                0x000074f8                . = ALIGN (0x4)
 *crtbegin.o(.ctors)
 *(EXCLUDE_FILE(*crtend.o) .ctors)
 *(SORT(.ctors.*))
 *crtend.o(.ctors)
                0x000074f8                . = ALIGN (0x4)
 *(.fini)
 .fini          0x000074f8        0x4 c:/program files (x86)/atmel/studio/7.0/toolchain/arm/arm-gnu-toolchain/bin/../lib/gcc/arm-none-eabi/6.3.1/thumb/v6-m/crti.o
                0x000074f8                _fini
 .fini          0x000074fc        0x8 c:/program files (x86)/atmel/studio/7.0/toolchain/arm/arm-gnu-toolchain/bin/../lib/gcc/arm-none-eabi/6.3.1/thumb/v6-m/crtn.o
                0x00007504                . = ALIGN (0x4)
                0x00007504                __fini_array_start = .
 *(.fini_array)
 .fini_array    0x00007504        0x4 c:/program files (x86)/atmel/studio/7.0/toolchain/arm/arm-gnu-toolchain/bin/../lib/gcc/arm-none-eabi/6.3.1/thumb/v6-m/crtbegin.o
 *(SORT(.fini_array.*))
                0x00007508                __fini_array_end = .
 *crtbegin.o(.dtors)
 *(EXCLUDE_FILE(*crtend.o) .dtors)
 *(SORT(.dtors.*))
 *crtend.o(.dtors)
                0x00007508                . = ALIGN (0x4)
                0x00007508                _efixed = .
                [!provide]                PROVIDE (__exidx_start, .)

.vfp11_veneer   0x00007508        0x0
 .vfp11_veneer  0x00007508        0x0 linker stubs

.v4_bx          0x00007508        0x0
 .v4_bx         0x00007508        0x0 linker stubs

.iplt           0x00007508        0x0
 .iplt          0x00007508        0x0 c:/program files (x86)/atmel/studio/7.0/toolchain/arm/arm-gnu-toolchain/bin/../lib/gcc/arm-none-eabi/6.3.1/thumb/v6-m/crtbegin.o

.eh_frame       0x00007508        0x0
 .eh_frame      0x00007508        0x0 c:/program files (x86)/atmel/studio/7.0/toolchain/arm/arm-gnu-toolchain/bin/../lib/gcc/arm-none-eabi/6.3.1/thumb/v6-m/crtbegin.o

.rel.dyn        0x00007508        0x0
 .rel.iplt      0x00007508        0x0 c:/program files (x86)/atmel/studio/7.0/toolchain/arm/arm-gnu-toolchain/bin/../lib/gcc/arm-none-eabi/6.3.1/thumb/v6-m/crtbegin.o

.jcr            0x00007508        0x0
 .jcr           0x00007508        0x0 c:/program files (x86)/atmel/studio/7.0/toolchain/arm/arm-gnu-toolchain/bin/../lib/gcc/arm-none-eabi/6.3.1/thumb/v6-m/crtbegin.o

.igot.plt       0x00007508        0x0
 .igot.plt      0x00007508        0x0 c:/program files (x86)/atmel/studio/7.0/toolchain/arm/arm-gnu-toolchain/bin/../lib/gcc/arm-none-eabi/6.3.1/thumb/v6-m/crtbegin.o

.ARM.exidx
 *(.ARM.exidx* .gnu.linkonce.armexidx.*)
                [!provide]                PROVIDE (__exidx_end, .)
                0x00007508                . = ALIGN (0x4)
                0x00007508                _etext = .

.relocate       0x20000000       0x84 load address 0x00007508
                0x20000000                . = ALIGN (0x4)
                0x20000000                _srelocate = .
 *(.ramfunc .ramfunc.*)
 *(.data .data.*)
 .data.cycles_per_ms
                0x20000000        0x4 src/ASF/common2/services/delay/sam0/systick_counter.o
 .data.cycles_per_us
                0x20000004        0x4 src/ASF/common2/services/delay/sam0/systick_counter.o
 .data.g_interrupt_enabled
                0x20000008        0x1 src/ASF/common/utils/interrupt/interrupt_sam_nvic.o
                0x20000008                g_interrupt_enabled
 *fill*         0x20000009        0x3 
 .data.phantomISR
                0x2000000c        0x4 src/ASF/sam0/utils/cmsis/samd21/source/gcc/startup_samd21.o
                0x2000000c                phantomISR
 .data.RX_ADDR  0x20000010        0x5 src/main.o
                0x20000010                RX_ADDR
 *fill*         0x20000015        0x3 
 .data.TX_ADDR  0x20000018        0x5 src/main.o
                0x20000018                TX_ADDR
 .data.__fdlib_version
                0x2000001d        0x1 c:/program files (x86)/atmel/studio/7.0/toolchain/arm/arm-gnu-toolchain/bin/../lib/gcc/arm-none-eabi/6.3.1/../../../../arm-none-eabi/lib/thumb/v6-m\libm.a(lib_a-s_lib_ver.o)
                0x2000001d                __fdlib_version
 *fill*         0x2000001e        0x2 
 .data._impure_ptr
                0x20000020        0x4 c:/program files (x86)/atmel/studio/7.0/toolchain/arm/arm-gnu-toolchain/bin/../lib/gcc/arm-none-eabi/6.3.1/../../../../arm-none-eabi/lib/thumb/v6-m\libc_nano.a(lib_a-impure.o)
                0x20000020                _impure_ptr
 .data.impure_data
                0x20000024       0x60 c:/program files (x86)/atmel/studio/7.0/toolchain/arm/arm-gnu-toolchain/bin/../lib/gcc/arm-none-eabi/6.3.1/../../../../arm-none-eabi/lib/thumb/v6-m\libc_nano.a(lib_a-impure.o)
                0x20000084                . = ALIGN (0x4)
                0x20000084                _erelocate = .

.bss            0x20000084      0x110 load address 0x0000758c
                0x20000084                . = ALIGN (0x4)
                0x20000084                _sbss = .
                0x20000084                _szero = .
 *(.bss .bss.*)
 .bss           0x20000084       0x1c c:/program files (x86)/atmel/studio/7.0/toolchain/arm/arm-gnu-toolchain/bin/../lib/gcc/arm-none-eabi/6.3.1/thumb/v6-m/crtbegin.o
 .bss._sercom_config
                0x200000a0        0x2 src/ASF/sam0/drivers/sercom/sercom.o
 .bss.Count.13433
                0x200000a2        0x1 src/nrf24l01.o
 *fill*         0x200000a3        0x1 
 .bss.cpu_irq_critical_section_counter
                0x200000a4        0x4 src/ASF/common/utils/interrupt/interrupt_sam_nvic.o
 .bss.cpu_irq_prev_interrupt_state
                0x200000a8        0x1 src/ASF/common/utils/interrupt/interrupt_sam_nvic.o
 *fill*         0x200000a9        0x3 
 .bss._system_clock_inst
                0x200000ac       0x18 src/ASF/sam0/drivers/system/clock/clock_samd21_r21_da_ha1/clock.o
 *(COMMON)
 COMMON         0x200000c4       0x40 src/ASF/sam0/drivers/extint/extint_sam_d_r_h/extint.o
                0x200000c4                _extint_dev
 COMMON         0x20000104       0x6c src/bme280.o
                0x20000104                T2
                0x20000106                H4
                0x20000108                cal_data
                0x20000132                P1
                0x20000134                tobytearray
                0x20000138                P8
                0x2000013a                P6
                0x2000013c                device_id
                0x2000013e                P2
                0x20000140                H6
                0x20000142                T3
                0x20000144                H5
                0x20000146                P4
                0x20000148                P9
                0x2000014a                H3
                0x2000014c                nrf24l01_slave_instance
                0x20000150                T1
                0x20000152                P3
                0x20000154                bme280_slave_instance
                0x20000158                spi_master_instance
                0x20000164                P7
                0x20000166                P5
                0x20000168                H2
                0x2000016a                H1
                0x2000016c                t_fine
 COMMON         0x20000170        0x1 src/ASF/sam0/drivers/extint/extint_callback.o
                0x20000170                _current_channel
 *fill*         0x20000171        0x3 
 COMMON         0x20000174       0x20 src/main.o
                0x20000174                bme280_data_object
                0x20000184                data_array
                0x20000194                . = ALIGN (0x4)
                0x20000194                _ebss = .
                0x20000194                _ezero = .

.stack          0x20000194     0x2004 load address 0x0000769c
                0x20000198                . = ALIGN (0x8)
 *fill*         0x20000194        0x4 
                0x20000198                _sstack = .
                0x20002198                . = (. + STACK_SIZE)
 *fill*         0x20000198     0x2000 
                0x20002198                . = ALIGN (0x8)
                0x20002198                _estack = .
                0x20002198                . = ALIGN (0x4)
                0x20002198                _end = .
OUTPUT(nrf24l01-node.elf elf32-littlearm)

.ARM.attributes
                0x00000000       0x28
 .ARM.attributes
                0x00000000       0x1e c:/program files (x86)/atmel/studio/7.0/toolchain/arm/arm-gnu-toolchain/bin/../lib/gcc/arm-none-eabi/6.3.1/thumb/v6-m/crti.o
 .ARM.attributes
                0x0000001e       0x2c c:/program files (x86)/atmel/studio/7.0/toolchain/arm/arm-gnu-toolchain/bin/../lib/gcc/arm-none-eabi/6.3.1/thumb/v6-m/crtbegin.o
 .ARM.attributes
                0x0000004a       0x32 src/ASF/common2/services/delay/sam0/systick_counter.o
 .ARM.attributes
                0x0000007c       0x32 src/ASF/sam0/drivers/extint/extint_sam_d_r_h/extint.o
 .ARM.attributes
                0x000000ae       0x32 src/ASF/sam0/drivers/sercom/sercom.o
 .ARM.attributes
                0x000000e0       0x32 src/bme280.o
 .ARM.attributes
                0x00000112       0x32 src/nrf24l01.o
 .ARM.attributes
                0x00000144       0x32 src/spi_master.o
 .ARM.attributes
                0x00000176       0x32 src/ASF/sam0/drivers/sercom/spi/spi.o
 .ARM.attributes
                0x000001a8       0x32 src/ASF/sam0/drivers/extint/extint_callback.o
 .ARM.attributes
                0x000001da       0x32 src/ASF/sam0/drivers/port/port.o
 .ARM.attributes
                0x0000020c       0x32 src/ASF/common2/boards/user_board/init.o
 .ARM.attributes
                0x0000023e       0x32 src/ASF/common/utils/interrupt/interrupt_sam_nvic.o
 .ARM.attributes
                0x00000270       0x32 src/ASF/sam0/drivers/system/clock/clock_samd21_r21_da_ha1/clock.o
 .ARM.attributes
                0x000002a2       0x32 src/ASF/sam0/drivers/system/clock/clock_samd21_r21_da_ha1/gclk.o
 .ARM.attributes
                0x000002d4       0x32 src/ASF/sam0/drivers/system/pinmux/pinmux.o
 .ARM.attributes
                0x00000306       0x32 src/ASF/sam0/drivers/system/system.o
 .ARM.attributes
                0x00000338       0x32 src/ASF/sam0/utils/cmsis/samd21/source/gcc/startup_samd21.o
 .ARM.attributes
                0x0000036a       0x32 src/main.o
 .ARM.attributes
                0x0000039c       0x2c c:/program files (x86)/atmel/studio/7.0/toolchain/arm/arm-gnu-toolchain/bin/../lib/gcc/arm-none-eabi/6.3.1/../../../../arm-none-eabi/lib/thumb/v6-m\libm.a(lib_a-w_log.o)
 .ARM.attributes
                0x000003c8       0x2c c:/program files (x86)/atmel/studio/7.0/toolchain/arm/arm-gnu-toolchain/bin/../lib/gcc/arm-none-eabi/6.3.1/../../../../arm-none-eabi/lib/thumb/v6-m\libm.a(lib_a-w_log10.o)
 .ARM.attributes
                0x000003f4       0x2c c:/program files (x86)/atmel/studio/7.0/toolchain/arm/arm-gnu-toolchain/bin/../lib/gcc/arm-none-eabi/6.3.1/../../../../arm-none-eabi/lib/thumb/v6-m\libm.a(lib_a-w_pow.o)
 .ARM.attributes
                0x00000420       0x2c c:/program files (x86)/atmel/studio/7.0/toolchain/arm/arm-gnu-toolchain/bin/../lib/gcc/arm-none-eabi/6.3.1/../../../../arm-none-eabi/lib/thumb/v6-m\libm.a(lib_a-e_log.o)
 .ARM.attributes
                0x0000044c       0x2c c:/program files (x86)/atmel/studio/7.0/toolchain/arm/arm-gnu-toolchain/bin/../lib/gcc/arm-none-eabi/6.3.1/../../../../arm-none-eabi/lib/thumb/v6-m\libm.a(lib_a-e_log10.o)
 .ARM.attributes
                0x00000478       0x2c c:/program files (x86)/atmel/studio/7.0/toolchain/arm/arm-gnu-toolchain/bin/../lib/gcc/arm-none-eabi/6.3.1/../../../../arm-none-eabi/lib/thumb/v6-m\libm.a(lib_a-e_pow.o)
 .ARM.attributes
                0x000004a4       0x2c c:/program files (x86)/atmel/studio/7.0/toolchain/arm/arm-gnu-toolchain/bin/../lib/gcc/arm-none-eabi/6.3.1/../../../../arm-none-eabi/lib/thumb/v6-m\libm.a(lib_a-e_sqrt.o)
 .ARM.attributes
                0x000004d0       0x2c c:/program files (x86)/atmel/studio/7.0/toolchain/arm/arm-gnu-toolchain/bin/../lib/gcc/arm-none-eabi/6.3.1/../../../../arm-none-eabi/lib/thumb/v6-m\libm.a(lib_a-s_fabs.o)
 .ARM.attributes
                0x000004fc       0x2c c:/program files (x86)/atmel/studio/7.0/toolchain/arm/arm-gnu-toolchain/bin/../lib/gcc/arm-none-eabi/6.3.1/../../../../arm-none-eabi/lib/thumb/v6-m\libm.a(lib_a-s_finite.o)
 .ARM.attributes
                0x00000528       0x2c c:/program files (x86)/atmel/studio/7.0/toolchain/arm/arm-gnu-toolchain/bin/../lib/gcc/arm-none-eabi/6.3.1/../../../../arm-none-eabi/lib/thumb/v6-m\libm.a(lib_a-s_lib_ver.o)
 .ARM.attributes
                0x00000554       0x2c c:/program files (x86)/atmel/studio/7.0/toolchain/arm/arm-gnu-toolchain/bin/../lib/gcc/arm-none-eabi/6.3.1/../../../../arm-none-eabi/lib/thumb/v6-m\libm.a(lib_a-s_matherr.o)
 .ARM.attributes
                0x00000580       0x2c c:/program files (x86)/atmel/studio/7.0/toolchain/arm/arm-gnu-toolchain/bin/../lib/gcc/arm-none-eabi/6.3.1/../../../../arm-none-eabi/lib/thumb/v6-m\libm.a(lib_a-s_nan.o)
 .ARM.attributes
                0x000005ac       0x2c c:/program files (x86)/atmel/studio/7.0/toolchain/arm/arm-gnu-toolchain/bin/../lib/gcc/arm-none-eabi/6.3.1/../../../../arm-none-eabi/lib/thumb/v6-m\libm.a(lib_a-s_rint.o)
 .ARM.attributes
                0x000005d8       0x2c c:/program files (x86)/atmel/studio/7.0/toolchain/arm/arm-gnu-toolchain/bin/../lib/gcc/arm-none-eabi/6.3.1/../../../../arm-none-eabi/lib/thumb/v6-m\libm.a(lib_a-s_scalbn.o)
 .ARM.attributes
                0x00000604       0x2c c:/program files (x86)/atmel/studio/7.0/toolchain/arm/arm-gnu-toolchain/bin/../lib/gcc/arm-none-eabi/6.3.1/../../../../arm-none-eabi/lib/thumb/v6-m\libm.a(lib_a-s_copysign.o)
 .ARM.attributes
                0x00000630       0x1e c:/program files (x86)/atmel/studio/7.0/toolchain/arm/arm-gnu-toolchain/bin/../lib/gcc/arm-none-eabi/6.3.1/thumb/v6-m\libgcc.a(_udivsi3.o)
 .ARM.attributes
                0x0000064e       0x1e c:/program files (x86)/atmel/studio/7.0/toolchain/arm/arm-gnu-toolchain/bin/../lib/gcc/arm-none-eabi/6.3.1/thumb/v6-m\libgcc.a(_divsi3.o)
 .ARM.attributes
                0x0000066c       0x1e c:/program files (x86)/atmel/studio/7.0/toolchain/arm/arm-gnu-toolchain/bin/../lib/gcc/arm-none-eabi/6.3.1/thumb/v6-m\libgcc.a(_dvmd_tls.o)
 .ARM.attributes
                0x0000068a       0x1e c:/program files (x86)/atmel/studio/7.0/toolchain/arm/arm-gnu-toolchain/bin/../lib/gcc/arm-none-eabi/6.3.1/thumb/v6-m\libgcc.a(_arm_cmpdf2.o)
 .ARM.attributes
                0x000006a8       0x2c c:/program files (x86)/atmel/studio/7.0/toolchain/arm/arm-gnu-toolchain/bin/../lib/gcc/arm-none-eabi/6.3.1/thumb/v6-m\libgcc.a(adddf3.o)
 .ARM.attributes
                0x000006d4       0x2c c:/program files (x86)/atmel/studio/7.0/toolchain/arm/arm-gnu-toolchain/bin/../lib/gcc/arm-none-eabi/6.3.1/thumb/v6-m\libgcc.a(divdf3.o)
 .ARM.attributes
                0x00000700       0x2c c:/program files (x86)/atmel/studio/7.0/toolchain/arm/arm-gnu-toolchain/bin/../lib/gcc/arm-none-eabi/6.3.1/thumb/v6-m\libgcc.a(eqdf2.o)
 .ARM.attributes
                0x0000072c       0x2c c:/program files (x86)/atmel/studio/7.0/toolchain/arm/arm-gnu-toolchain/bin/../lib/gcc/arm-none-eabi/6.3.1/thumb/v6-m\libgcc.a(gedf2.o)
 .ARM.attributes
                0x00000758       0x2c c:/program files (x86)/atmel/studio/7.0/toolchain/arm/arm-gnu-toolchain/bin/../lib/gcc/arm-none-eabi/6.3.1/thumb/v6-m\libgcc.a(ledf2.o)
 .ARM.attributes
                0x00000784       0x2c c:/program files (x86)/atmel/studio/7.0/toolchain/arm/arm-gnu-toolchain/bin/../lib/gcc/arm-none-eabi/6.3.1/thumb/v6-m\libgcc.a(muldf3.o)
 .ARM.attributes
                0x000007b0       0x2c c:/program files (x86)/atmel/studio/7.0/toolchain/arm/arm-gnu-toolchain/bin/../lib/gcc/arm-none-eabi/6.3.1/thumb/v6-m\libgcc.a(subdf3.o)
 .ARM.attributes
                0x000007dc       0x2c c:/program files (x86)/atmel/studio/7.0/toolchain/arm/arm-gnu-toolchain/bin/../lib/gcc/arm-none-eabi/6.3.1/thumb/v6-m\libgcc.a(unorddf2.o)
 .ARM.attributes
                0x00000808       0x2c c:/program files (x86)/atmel/studio/7.0/toolchain/arm/arm-gnu-toolchain/bin/../lib/gcc/arm-none-eabi/6.3.1/thumb/v6-m\libgcc.a(floatsidf.o)
 .ARM.attributes
                0x00000834       0x2c c:/program files (x86)/atmel/studio/7.0/toolchain/arm/arm-gnu-toolchain/bin/../lib/gcc/arm-none-eabi/6.3.1/thumb/v6-m\libgcc.a(floatunsidf.o)
 .ARM.attributes
                0x00000860       0x2c c:/program files (x86)/atmel/studio/7.0/toolchain/arm/arm-gnu-toolchain/bin/../lib/gcc/arm-none-eabi/6.3.1/thumb/v6-m\libgcc.a(extendsfdf2.o)
 .ARM.attributes
                0x0000088c       0x2c c:/program files (x86)/atmel/studio/7.0/toolchain/arm/arm-gnu-toolchain/bin/../lib/gcc/arm-none-eabi/6.3.1/thumb/v6-m\libgcc.a(truncdfsf2.o)
 .ARM.attributes
                0x000008b8       0x1e c:/program files (x86)/atmel/studio/7.0/toolchain/arm/arm-gnu-toolchain/bin/../lib/gcc/arm-none-eabi/6.3.1/thumb/v6-m\libgcc.a(_clzsi2.o)
 .ARM.attributes
                0x000008d6       0x2c c:/program files (x86)/atmel/studio/7.0/toolchain/arm/arm-gnu-toolchain/bin/../lib/gcc/arm-none-eabi/6.3.1/../../../../arm-none-eabi/lib/thumb/v6-m\libc_nano.a(lib_a-errno.o)
 .ARM.attributes
                0x00000902       0x2c c:/program files (x86)/atmel/studio/7.0/toolchain/arm/arm-gnu-toolchain/bin/../lib/gcc/arm-none-eabi/6.3.1/../../../../arm-none-eabi/lib/thumb/v6-m\libc_nano.a(lib_a-impure.o)
 .ARM.attributes
                0x0000092e       0x2c c:/program files (x86)/atmel/studio/7.0/toolchain/arm/arm-gnu-toolchain/bin/../lib/gcc/arm-none-eabi/6.3.1/../../../../arm-none-eabi/lib/thumb/v6-m\libc_nano.a(lib_a-init.o)
 .ARM.attributes
                0x0000095a       0x2c c:/program files (x86)/atmel/studio/7.0/toolchain/arm/arm-gnu-toolchain/bin/../lib/gcc/arm-none-eabi/6.3.1/../../../../arm-none-eabi/lib/thumb/v6-m\libc_nano.a(lib_a-memset.o)
 .ARM.attributes
                0x00000986       0x1e c:/program files (x86)/atmel/studio/7.0/toolchain/arm/arm-gnu-toolchain/bin/../lib/gcc/arm-none-eabi/6.3.1/thumb/v6-m/crtn.o

.comment        0x00000000       0x59
 .comment       0x00000000       0x59 src/ASF/common2/services/delay/sam0/systick_counter.o
                                 0x5a (size before relaxing)
 .comment       0x00000059       0x5a src/ASF/sam0/drivers/extint/extint_sam_d_r_h/extint.o
 .comment       0x00000059       0x5a src/ASF/sam0/drivers/sercom/sercom.o
 .comment       0x00000059       0x5a src/bme280.o
 .comment       0x00000059       0x5a src/nrf24l01.o
 .comment       0x00000059       0x5a src/spi_master.o
 .comment       0x00000059       0x5a src/ASF/sam0/drivers/sercom/spi/spi.o
 .comment       0x00000059       0x5a src/ASF/sam0/drivers/extint/extint_callback.o
 .comment       0x00000059       0x5a src/ASF/sam0/drivers/port/port.o
 .comment       0x00000059       0x5a src/ASF/common2/boards/user_board/init.o
 .comment       0x00000059       0x5a src/ASF/common/utils/interrupt/interrupt_sam_nvic.o
 .comment       0x00000059       0x5a src/ASF/sam0/drivers/system/clock/clock_samd21_r21_da_ha1/clock.o
 .comment       0x00000059       0x5a src/ASF/sam0/drivers/system/clock/clock_samd21_r21_da_ha1/gclk.o
 .comment       0x00000059       0x5a src/ASF/sam0/drivers/system/pinmux/pinmux.o
 .comment       0x00000059       0x5a src/ASF/sam0/drivers/system/system.o
 .comment       0x00000059       0x5a src/ASF/sam0/utils/cmsis/samd21/source/gcc/startup_samd21.o
 .comment       0x00000059       0x5a src/main.o

.debug_info     0x00000000    0x277cb
 .debug_info    0x00000000      0xb60 src/ASF/common2/services/delay/sam0/systick_counter.o
 .debug_info    0x00000b60     0x29d9 src/ASF/sam0/drivers/extint/extint_sam_d_r_h/extint.o
 .debug_info    0x00003539     0x2d9d src/ASF/sam0/drivers/sercom/sercom.o
 .debug_info    0x000062d6     0x3314 src/bme280.o
 .debug_info    0x000095ea     0x392b src/nrf24l01.o
 .debug_info    0x0000cf15     0x3761 src/spi_master.o
 .debug_info    0x00010676     0x5647 src/ASF/sam0/drivers/sercom/spi/spi.o
 .debug_info    0x00015cbd     0x191d src/ASF/sam0/drivers/extint/extint_callback.o
 .debug_info    0x000175da     0x127c src/ASF/sam0/drivers/port/port.o
 .debug_info    0x00018856      0xa40 src/ASF/common2/boards/user_board/init.o
 .debug_info    0x00019296      0xb0c src/ASF/common/utils/interrupt/interrupt_sam_nvic.o
 .debug_info    0x00019da2     0x36e4 src/ASF/sam0/drivers/system/clock/clock_samd21_r21_da_ha1/clock.o
 .debug_info    0x0001d486     0x1d0b src/ASF/sam0/drivers/system/clock/clock_samd21_r21_da_ha1/gclk.o
 .debug_info    0x0001f191     0x13be src/ASF/sam0/drivers/system/pinmux/pinmux.o
 .debug_info    0x0002054f      0xa74 src/ASF/sam0/drivers/system/system.o
 .debug_info    0x00020fc3     0x3a9c src/ASF/sam0/utils/cmsis/samd21/source/gcc/startup_samd21.o
 .debug_info    0x00024a5f     0x2d6c src/main.o

.debug_abbrev   0x00000000     0x30df
 .debug_abbrev  0x00000000      0x22d src/ASF/common2/services/delay/sam0/systick_counter.o
 .debug_abbrev  0x0000022d      0x3a7 src/ASF/sam0/drivers/extint/extint_sam_d_r_h/extint.o
 .debug_abbrev  0x000005d4      0x30e src/ASF/sam0/drivers/sercom/sercom.o
 .debug_abbrev  0x000008e2      0x35d src/bme280.o
 .debug_abbrev  0x00000c3f      0x375 src/nrf24l01.o
 .debug_abbrev  0x00000fb4      0x309 src/spi_master.o
 .debug_abbrev  0x000012bd      0x3d4 src/ASF/sam0/drivers/sercom/spi/spi.o
 .debug_abbrev  0x00001691      0x2ef src/ASF/sam0/drivers/extint/extint_callback.o
 .debug_abbrev  0x00001980      0x27b src/ASF/sam0/drivers/port/port.o
 .debug_abbrev  0x00001bfb      0x1be src/ASF/common2/boards/user_board/init.o
 .debug_abbrev  0x00001db9      0x22e src/ASF/common/utils/interrupt/interrupt_sam_nvic.o
 .debug_abbrev  0x00001fe7      0x3ab src/ASF/sam0/drivers/system/clock/clock_samd21_r21_da_ha1/clock.o
 .debug_abbrev  0x00002392      0x37a src/ASF/sam0/drivers/system/clock/clock_samd21_r21_da_ha1/gclk.o
 .debug_abbrev  0x0000270c      0x2d7 src/ASF/sam0/drivers/system/pinmux/pinmux.o
 .debug_abbrev  0x000029e3      0x1e1 src/ASF/sam0/drivers/system/system.o
 .debug_abbrev  0x00002bc4      0x27b src/ASF/sam0/utils/cmsis/samd21/source/gcc/startup_samd21.o
 .debug_abbrev  0x00002e3f      0x2a0 src/main.o

.debug_loc      0x00000000     0x22ca
 .debug_loc     0x00000000       0xd4 src/ASF/common2/services/delay/sam0/systick_counter.o
 .debug_loc     0x000000d4      0x310 src/ASF/sam0/drivers/extint/extint_sam_d_r_h/extint.o
 .debug_loc     0x000003e4      0x18c src/ASF/sam0/drivers/sercom/sercom.o
 .debug_loc     0x00000570      0x33e src/bme280.o
 .debug_loc     0x000008ae      0x4a2 src/nrf24l01.o
 .debug_loc     0x00000d50      0x232 src/spi_master.o
 .debug_loc     0x00000f82      0x5e2 src/ASF/sam0/drivers/sercom/spi/spi.o
 .debug_loc     0x00001564      0x1e0 src/ASF/sam0/drivers/extint/extint_callback.o
 .debug_loc     0x00001744       0xa8 src/ASF/sam0/drivers/port/port.o
 .debug_loc     0x000017ec       0x2c src/ASF/common2/boards/user_board/init.o
 .debug_loc     0x00001818       0x64 src/ASF/common/utils/interrupt/interrupt_sam_nvic.o
 .debug_loc     0x0000187c      0x476 src/ASF/sam0/drivers/system/clock/clock_samd21_r21_da_ha1/clock.o
 .debug_loc     0x00001cf2      0x388 src/ASF/sam0/drivers/system/clock/clock_samd21_r21_da_ha1/gclk.o
 .debug_loc     0x0000207a      0x150 src/ASF/sam0/drivers/system/pinmux/pinmux.o
 .debug_loc     0x000021ca       0x58 src/ASF/sam0/drivers/system/system.o
 .debug_loc     0x00002222       0x70 src/ASF/sam0/utils/cmsis/samd21/source/gcc/startup_samd21.o
 .debug_loc     0x00002292       0x38 src/main.o

.debug_aranges  0x00000000      0x6b0
 .debug_aranges
                0x00000000       0x38 src/ASF/common2/services/delay/sam0/systick_counter.o
 .debug_aranges
                0x00000038       0x88 src/ASF/sam0/drivers/extint/extint_sam_d_r_h/extint.o
 .debug_aranges
                0x000000c0       0x50 src/ASF/sam0/drivers/sercom/sercom.o
 .debug_aranges
                0x00000110       0x90 src/bme280.o
 .debug_aranges
                0x000001a0       0xc8 src/nrf24l01.o
 .debug_aranges
                0x00000268       0x68 src/spi_master.o
 .debug_aranges
                0x000002d0       0xf0 src/ASF/sam0/drivers/sercom/spi/spi.o
 .debug_aranges
                0x000003c0       0x60 src/ASF/sam0/drivers/extint/extint_callback.o
 .debug_aranges
                0x00000420       0x30 src/ASF/sam0/drivers/port/port.o
 .debug_aranges
                0x00000450       0x20 src/ASF/common2/boards/user_board/init.o
 .debug_aranges
                0x00000470       0x28 src/ASF/common/utils/interrupt/interrupt_sam_nvic.o
 .debug_aranges
                0x00000498       0xc0 src/ASF/sam0/drivers/system/clock/clock_samd21_r21_da_ha1/clock.o
 .debug_aranges
                0x00000558       0xa0 src/ASF/sam0/drivers/system/clock/clock_samd21_r21_da_ha1/gclk.o
 .debug_aranges
                0x000005f8       0x48 src/ASF/sam0/drivers/system/pinmux/pinmux.o
 .debug_aranges
                0x00000640       0x28 src/ASF/sam0/drivers/system/system.o
 .debug_aranges
                0x00000668       0x28 src/ASF/sam0/utils/cmsis/samd21/source/gcc/startup_samd21.o
 .debug_aranges
                0x00000690       0x20 src/main.o

.debug_ranges   0x00000000      0x5a0
 .debug_ranges  0x00000000       0x28 src/ASF/common2/services/delay/sam0/systick_counter.o
 .debug_ranges  0x00000028       0x78 src/ASF/sam0/drivers/extint/extint_sam_d_r_h/extint.o
 .debug_ranges  0x000000a0       0x40 src/ASF/sam0/drivers/sercom/sercom.o
 .debug_ranges  0x000000e0       0x80 src/bme280.o
 .debug_ranges  0x00000160       0xb8 src/nrf24l01.o
 .debug_ranges  0x00000218       0x58 src/spi_master.o
 .debug_ranges  0x00000270       0xe0 src/ASF/sam0/drivers/sercom/spi/spi.o
 .debug_ranges  0x00000350       0x50 src/ASF/sam0/drivers/extint/extint_callback.o
 .debug_ranges  0x000003a0       0x20 src/ASF/sam0/drivers/port/port.o
 .debug_ranges  0x000003c0       0x10 src/ASF/common2/boards/user_board/init.o
 .debug_ranges  0x000003d0       0x18 src/ASF/common/utils/interrupt/interrupt_sam_nvic.o
 .debug_ranges  0x000003e8       0xb0 src/ASF/sam0/drivers/system/clock/clock_samd21_r21_da_ha1/clock.o
 .debug_ranges  0x00000498       0x90 src/ASF/sam0/drivers/system/clock/clock_samd21_r21_da_ha1/gclk.o
 .debug_ranges  0x00000528       0x38 src/ASF/sam0/drivers/system/pinmux/pinmux.o
 .debug_ranges  0x00000560       0x18 src/ASF/sam0/drivers/system/system.o
 .debug_ranges  0x00000578       0x18 src/ASF/sam0/utils/cmsis/samd21/source/gcc/startup_samd21.o
 .debug_ranges  0x00000590       0x10 src/main.o

.debug_macro    0x00000000    0x1ade6
 .debug_macro   0x00000000      0x54d src/ASF/common2/services/delay/sam0/systick_counter.o
 .debug_macro   0x0000054d      0x8c8 src/ASF/common2/services/delay/sam0/systick_counter.o
 .debug_macro   0x00000e15      0x16d src/ASF/common2/services/delay/sam0/systick_counter.o
 .debug_macro   0x00000f82      0x6d7 src/ASF/common2/services/delay/sam0/systick_counter.o
 .debug_macro   0x00001659       0x22 src/ASF/common2/services/delay/sam0/systick_counter.o
 .debug_macro   0x0000167b       0x87 src/ASF/common2/services/delay/sam0/systick_counter.o
 .debug_macro   0x00001702       0x51 src/ASF/common2/services/delay/sam0/systick_counter.o
 .debug_macro   0x00001753       0xef src/ASF/common2/services/delay/sam0/systick_counter.o
 .debug_macro   0x00001842       0x6a src/ASF/common2/services/delay/sam0/systick_counter.o
 .debug_macro   0x000018ac      0x1df src/ASF/common2/services/delay/sam0/systick_counter.o
 .debug_macro   0x00001a8b       0x10 src/ASF/common2/services/delay/sam0/systick_counter.o
 .debug_macro   0x00001a9b       0x76 src/ASF/common2/services/delay/sam0/systick_counter.o
 .debug_macro   0x00001b11       0x16 src/ASF/common2/services/delay/sam0/systick_counter.o
 .debug_macro   0x00001b27      0x6db src/ASF/common2/services/delay/sam0/systick_counter.o
 .debug_macro   0x00002202      0xdd8 src/ASF/common2/services/delay/sam0/systick_counter.o
 .debug_macro   0x00002fda       0x22 src/ASF/common2/services/delay/sam0/systick_counter.o
 .debug_macro   0x00002ffc       0x40 src/ASF/common2/services/delay/sam0/systick_counter.o
 .debug_macro   0x0000303c       0x3a src/ASF/common2/services/delay/sam0/systick_counter.o
 .debug_macro   0x00003076       0x1f src/ASF/common2/services/delay/sam0/systick_counter.o
 .debug_macro   0x00003095      0x250 src/ASF/common2/services/delay/sam0/systick_counter.o
 .debug_macro   0x000032e5      0x681 src/ASF/common2/services/delay/sam0/systick_counter.o
 .debug_macro   0x00003966      0x8b5 src/ASF/common2/services/delay/sam0/systick_counter.o
 .debug_macro   0x0000421b      0x230 src/ASF/common2/services/delay/sam0/systick_counter.o
 .debug_macro   0x0000444b      0xd60 src/ASF/common2/services/delay/sam0/systick_counter.o
 .debug_macro   0x000051ab      0x4cb src/ASF/common2/services/delay/sam0/systick_counter.o
 .debug_macro   0x00005676      0x9f8 src/ASF/common2/services/delay/sam0/systick_counter.o
 .debug_macro   0x0000606e      0x82b src/ASF/common2/services/delay/sam0/systick_counter.o
 .debug_macro   0x00006899      0x455 src/ASF/common2/services/delay/sam0/systick_counter.o
 .debug_macro   0x00006cee       0x5e src/ASF/common2/services/delay/sam0/systick_counter.o
 .debug_macro   0x00006d4c      0x8fd src/ASF/common2/services/delay/sam0/systick_counter.o
 .debug_macro   0x00007649      0x21c src/ASF/common2/services/delay/sam0/systick_counter.o
 .debug_macro   0x00007865      0x95b src/ASF/common2/services/delay/sam0/systick_counter.o
 .debug_macro   0x000081c0       0x5e src/ASF/common2/services/delay/sam0/systick_counter.o
 .debug_macro   0x0000821e      0x667 src/ASF/common2/services/delay/sam0/systick_counter.o
 .debug_macro   0x00008885      0x3af src/ASF/common2/services/delay/sam0/systick_counter.o
 .debug_macro   0x00008c34      0xc7a src/ASF/common2/services/delay/sam0/systick_counter.o
 .debug_macro   0x000098ae     0x1092 src/ASF/common2/services/delay/sam0/systick_counter.o
 .debug_macro   0x0000a940      0xc4a src/ASF/common2/services/delay/sam0/systick_counter.o
 .debug_macro   0x0000b58a      0x6ba src/ASF/common2/services/delay/sam0/systick_counter.o
 .debug_macro   0x0000bc44     0x1bbf src/ASF/common2/services/delay/sam0/systick_counter.o
 .debug_macro   0x0000d803     0x1440 src/ASF/common2/services/delay/sam0/systick_counter.o
 .debug_macro   0x0000ec43      0x344 src/ASF/common2/services/delay/sam0/systick_counter.o
 .debug_macro   0x0000ef87       0x7c src/ASF/common2/services/delay/sam0/systick_counter.o
 .debug_macro   0x0000f003       0xa0 src/ASF/common2/services/delay/sam0/systick_counter.o
 .debug_macro   0x0000f0a3       0x4c src/ASF/common2/services/delay/sam0/systick_counter.o
 .debug_macro   0x0000f0ef       0xca src/ASF/common2/services/delay/sam0/systick_counter.o
 .debug_macro   0x0000f1b9       0x94 src/ASF/common2/services/delay/sam0/systick_counter.o
 .debug_macro   0x0000f24d       0x58 src/ASF/common2/services/delay/sam0/systick_counter.o
 .debug_macro   0x0000f2a5      0x37d src/ASF/common2/services/delay/sam0/systick_counter.o
 .debug_macro   0x0000f622       0x82 src/ASF/common2/services/delay/sam0/systick_counter.o
 .debug_macro   0x0000f6a4      0x18d src/ASF/common2/services/delay/sam0/systick_counter.o
 .debug_macro   0x0000f831       0xb8 src/ASF/common2/services/delay/sam0/systick_counter.o
 .debug_macro   0x0000f8e9       0xa0 src/ASF/common2/services/delay/sam0/systick_counter.o
 .debug_macro   0x0000f989       0xb8 src/ASF/common2/services/delay/sam0/systick_counter.o
 .debug_macro   0x0000fa41       0x1c src/ASF/common2/services/delay/sam0/systick_counter.o
 .debug_macro   0x0000fa5d       0x1c src/ASF/common2/services/delay/sam0/systick_counter.o
 .debug_macro   0x0000fa79       0x1c src/ASF/common2/services/delay/sam0/systick_counter.o
 .debug_macro   0x0000fa95       0x82 src/ASF/common2/services/delay/sam0/systick_counter.o
 .debug_macro   0x0000fb17      0x15a src/ASF/common2/services/delay/sam0/systick_counter.o
 .debug_macro   0x0000fc71       0xdc src/ASF/common2/services/delay/sam0/systick_counter.o
 .debug_macro   0x0000fd4d      0x128 src/ASF/common2/services/delay/sam0/systick_counter.o
 .debug_macro   0x0000fe75      0x128 src/ASF/common2/services/delay/sam0/systick_counter.o
 .debug_macro   0x0000ff9d      0x128 src/ASF/common2/services/delay/sam0/systick_counter.o
 .debug_macro   0x000100c5      0x128 src/ASF/common2/services/delay/sam0/systick_counter.o
 .debug_macro   0x000101ed      0x128 src/ASF/common2/services/delay/sam0/systick_counter.o
 .debug_macro   0x00010315      0x128 src/ASF/common2/services/delay/sam0/systick_counter.o
 .debug_macro   0x0001043d      0x124 src/ASF/common2/services/delay/sam0/systick_counter.o
 .debug_macro   0x00010561       0xe2 src/ASF/common2/services/delay/sam0/systick_counter.o
 .debug_macro   0x00010643       0xe2 src/ASF/common2/services/delay/sam0/systick_counter.o
 .debug_macro   0x00010725       0xe2 src/ASF/common2/services/delay/sam0/systick_counter.o
 .debug_macro   0x00010807       0xe2 src/ASF/common2/services/delay/sam0/systick_counter.o
 .debug_macro   0x000108e9       0xe2 src/ASF/common2/services/delay/sam0/systick_counter.o
 .debug_macro   0x000109cb      0x130 src/ASF/common2/services/delay/sam0/systick_counter.o
 .debug_macro   0x00010afb      0x106 src/ASF/common2/services/delay/sam0/systick_counter.o
 .debug_macro   0x00010c01       0xfa src/ASF/common2/services/delay/sam0/systick_counter.o
 .debug_macro   0x00010cfb      0x40f src/ASF/common2/services/delay/sam0/systick_counter.o
 .debug_macro   0x0001110a       0x40 src/ASF/common2/services/delay/sam0/systick_counter.o
 .debug_macro   0x0001114a      0x37d src/ASF/common2/services/delay/sam0/systick_counter.o
 .debug_macro   0x000114c7     0x1e52 src/ASF/common2/services/delay/sam0/systick_counter.o
 .debug_macro   0x00013319       0x6d src/ASF/common2/services/delay/sam0/systick_counter.o
 .debug_macro   0x00013386       0x58 src/ASF/common2/services/delay/sam0/systick_counter.o
 .debug_macro   0x000133de       0x35 src/ASF/common2/services/delay/sam0/systick_counter.o
 .debug_macro   0x00013413       0x9c src/ASF/common2/services/delay/sam0/systick_counter.o
 .debug_macro   0x000134af       0x16 src/ASF/common2/services/delay/sam0/systick_counter.o
 .debug_macro   0x000134c5       0x35 src/ASF/common2/services/delay/sam0/systick_counter.o
 .debug_macro   0x000134fa      0x353 src/ASF/common2/services/delay/sam0/systick_counter.o
 .debug_macro   0x0001384d       0x10 src/ASF/common2/services/delay/sam0/systick_counter.o
 .debug_macro   0x0001385d       0x58 src/ASF/common2/services/delay/sam0/systick_counter.o
 .debug_macro   0x000138b5       0x1f src/ASF/common2/services/delay/sam0/systick_counter.o
 .debug_macro   0x000138d4       0x43 src/ASF/common2/services/delay/sam0/systick_counter.o
 .debug_macro   0x00013917       0x20 src/ASF/common2/services/delay/sam0/systick_counter.o
 .debug_macro   0x00013937      0x187 src/ASF/common2/services/delay/sam0/systick_counter.o
 .debug_macro   0x00013abe       0x10 src/ASF/common2/services/delay/sam0/systick_counter.o
 .debug_macro   0x00013ace       0x1c src/ASF/common2/services/delay/sam0/systick_counter.o
 .debug_macro   0x00013aea       0x52 src/ASF/common2/services/delay/sam0/systick_counter.o
 .debug_macro   0x00013b3c       0x40 src/ASF/common2/services/delay/sam0/systick_counter.o
 .debug_macro   0x00013b7c       0x10 src/ASF/common2/services/delay/sam0/systick_counter.o
 .debug_macro   0x00013b8c       0x40 src/ASF/common2/services/delay/sam0/systick_counter.o
 .debug_macro   0x00013bcc       0xd7 src/ASF/common2/services/delay/sam0/systick_counter.o
 .debug_macro   0x00013ca3       0x16 src/ASF/common2/services/delay/sam0/systick_counter.o
 .debug_macro   0x00013cb9      0x18b src/ASF/common2/services/delay/sam0/systick_counter.o
 .debug_macro   0x00013e44       0x16 src/ASF/common2/services/delay/sam0/systick_counter.o
 .debug_macro   0x00013e5a       0x16 src/ASF/common2/services/delay/sam0/systick_counter.o
 .debug_macro   0x00013e70       0x29 src/ASF/common2/services/delay/sam0/systick_counter.o
 .debug_macro   0x00013e99       0x51 src/ASF/common2/services/delay/sam0/systick_counter.o
 .debug_macro   0x00013eea       0x3e src/ASF/common2/services/delay/sam0/systick_counter.o
 .debug_macro   0x00013f28      0x3df src/ASF/common2/services/delay/sam0/systick_counter.o
 .debug_macro   0x00014307       0x11 src/ASF/common2/services/delay/sam0/systick_counter.o
 .debug_macro   0x00014318       0x16 src/ASF/common2/services/delay/sam0/systick_counter.o
 .debug_macro   0x0001432e       0x16 src/ASF/common2/services/delay/sam0/systick_counter.o
 .debug_macro   0x00014344      0x591 src/ASF/sam0/drivers/extint/extint_sam_d_r_h/extint.o
 .debug_macro   0x000148d5       0x2e src/ASF/sam0/drivers/extint/extint_sam_d_r_h/extint.o
 .debug_macro   0x00014903       0x1f src/ASF/sam0/drivers/extint/extint_sam_d_r_h/extint.o
 .debug_macro   0x00014922       0x16 src/ASF/sam0/drivers/extint/extint_sam_d_r_h/extint.o
 .debug_macro   0x00014938      0x59f src/ASF/sam0/drivers/sercom/sercom.o
 .debug_macro   0x00014ed7       0xb2 src/ASF/sam0/drivers/sercom/sercom.o
 .debug_macro   0x00014f89       0x10 src/ASF/sam0/drivers/sercom/sercom.o
 .debug_macro   0x00014f99      0x698 src/bme280.o
 .debug_macro   0x00015631       0x1c src/bme280.o
 .debug_macro   0x0001564d      0x2c3 src/bme280.o
 .debug_macro   0x00015910       0x82 src/bme280.o
 .debug_macro   0x00015992       0x18 src/bme280.o
 .debug_macro   0x000159aa       0x16 src/bme280.o
 .debug_macro   0x000159c0       0x16 src/bme280.o
 .debug_macro   0x000159d6       0x35 src/bme280.o
 .debug_macro   0x00015a0b       0x49 src/bme280.o
 .debug_macro   0x00015a54       0x34 src/bme280.o
 .debug_macro   0x00015a88      0x1e1 src/bme280.o
 .debug_macro   0x00015c69      0x689 src/nrf24l01.o
 .debug_macro   0x000162f2      0x358 src/nrf24l01.o
 .debug_macro   0x0001664a      0x67f src/spi_master.o
 .debug_macro   0x00016cc9       0x2e src/spi_master.o
 .debug_macro   0x00016cf7      0x5d4 src/ASF/sam0/drivers/sercom/spi/spi.o
 .debug_macro   0x000172cb       0x12 src/ASF/sam0/drivers/sercom/spi/spi.o
 .debug_macro   0x000172dd      0x537 src/ASF/sam0/drivers/extint/extint_callback.o
 .debug_macro   0x00017814       0x19 src/ASF/sam0/drivers/extint/extint_callback.o
 .debug_macro   0x0001782d      0x52c src/ASF/sam0/drivers/port/port.o
 .debug_macro   0x00017d59      0x66d src/ASF/common2/boards/user_board/init.o
 .debug_macro   0x000183c6      0x512 src/ASF/common/utils/interrupt/interrupt_sam_nvic.o
 .debug_macro   0x000188d8      0x583 src/ASF/sam0/drivers/system/clock/clock_samd21_r21_da_ha1/clock.o
 .debug_macro   0x00018e5b      0x298 src/ASF/sam0/drivers/system/clock/clock_samd21_r21_da_ha1/clock.o
 .debug_macro   0x000190f3      0x548 src/ASF/sam0/drivers/system/clock/clock_samd21_r21_da_ha1/gclk.o
 .debug_macro   0x0001963b      0x522 src/ASF/sam0/drivers/system/pinmux/pinmux.o
 .debug_macro   0x00019b5d       0x12 src/ASF/sam0/drivers/system/pinmux/pinmux.o
 .debug_macro   0x00019b6f      0x555 src/ASF/sam0/drivers/system/system.o
 .debug_macro   0x0001a0c4      0x2f9 src/ASF/sam0/utils/cmsis/samd21/source/gcc/startup_samd21.o
 .debug_macro   0x0001a3bd       0x3a src/ASF/sam0/utils/cmsis/samd21/source/gcc/startup_samd21.o
 .debug_macro   0x0001a3f7      0x691 src/main.o
 .debug_macro   0x0001aa88      0x35e src/main.o

.debug_line     0x00000000     0xca35
 .debug_line    0x00000000      0x9c7 src/ASF/common2/services/delay/sam0/systick_counter.o
 .debug_line    0x000009c7      0xd24 src/ASF/sam0/drivers/extint/extint_sam_d_r_h/extint.o
 .debug_line    0x000016eb      0xc24 src/ASF/sam0/drivers/sercom/sercom.o
 .debug_line    0x0000230f      0xf26 src/bme280.o
 .debug_line    0x00003235     0x1000 src/nrf24l01.o
 .debug_line    0x00004235      0xe7f src/spi_master.o
 .debug_line    0x000050b4     0x1062 src/ASF/sam0/drivers/sercom/spi/spi.o
 .debug_line    0x00006116      0x9cb src/ASF/sam0/drivers/extint/extint_callback.o
 .debug_line    0x00006ae1      0x90b src/ASF/sam0/drivers/port/port.o
 .debug_line    0x000073ec      0xd67 src/ASF/common2/boards/user_board/init.o
 .debug_line    0x00008153      0x8d8 src/ASF/common/utils/interrupt/interrupt_sam_nvic.o
 .debug_line    0x00008a2b      0xcbe src/ASF/sam0/drivers/system/clock/clock_samd21_r21_da_ha1/clock.o
 .debug_line    0x000096e9      0xbaf src/ASF/sam0/drivers/system/clock/clock_samd21_r21_da_ha1/gclk.o
 .debug_line    0x0000a298      0x97d src/ASF/sam0/drivers/system/pinmux/pinmux.o
 .debug_line    0x0000ac15      0x9fc src/ASF/sam0/drivers/system/system.o
 .debug_line    0x0000b611      0x676 src/ASF/sam0/utils/cmsis/samd21/source/gcc/startup_samd21.o
 .debug_line    0x0000bc87      0xdae src/main.o

.debug_str      0x00000000    0x8c308
 .debug_str     0x00000000    0x8282d src/ASF/common2/services/delay/sam0/systick_counter.o
                              0x830de (size before relaxing)
 .debug_str     0x0008282d     0x17d1 src/ASF/sam0/drivers/extint/extint_sam_d_r_h/extint.o
                              0x84764 (size before relaxing)
 .debug_str     0x00083ffe      0xed7 src/ASF/sam0/drivers/sercom/sercom.o
                              0x845c1 (size before relaxing)
 .debug_str     0x00084ed5     0x1aba src/bme280.o
                              0x85c9d (size before relaxing)
 .debug_str     0x0008698f     0x11af src/nrf24l01.o
                              0x8636a (size before relaxing)
 .debug_str     0x00087b3e      0x560 src/spi_master.o
                              0x859c5 (size before relaxing)
 .debug_str     0x0008809e      0x54e src/ASF/sam0/drivers/sercom/spi/spi.o
                              0x8534b (size before relaxing)
 .debug_str     0x000885ec      0x131 src/ASF/sam0/drivers/extint/extint_callback.o
                              0x83711 (size before relaxing)
 .debug_str     0x0008871d       0x59 src/ASF/sam0/drivers/port/port.o
                              0x832fa (size before relaxing)
 .debug_str     0x00088776       0x3e src/ASF/common2/boards/user_board/init.o
                              0x84611 (size before relaxing)
 .debug_str     0x000887b4       0x94 src/ASF/common/utils/interrupt/interrupt_sam_nvic.o
                              0x82ece (size before relaxing)
 .debug_str     0x00088848     0x278e src/ASF/sam0/drivers/system/clock/clock_samd21_r21_da_ha1/clock.o
                              0x86067 (size before relaxing)
 .debug_str     0x0008afd6      0x212 src/ASF/sam0/drivers/system/clock/clock_samd21_r21_da_ha1/gclk.o
                              0x83b91 (size before relaxing)
 .debug_str     0x0008b1e8      0x179 src/ASF/sam0/drivers/system/pinmux/pinmux.o
                              0x83370 (size before relaxing)
 .debug_str     0x0008b361       0x47 src/ASF/sam0/drivers/system/system.o
                              0x82fab (size before relaxing)
 .debug_str     0x0008b3a8      0xf3b src/ASF/sam0/utils/cmsis/samd21/source/gcc/startup_samd21.o
                              0x6e3d5 (size before relaxing)
 .debug_str     0x0008c2e3       0x25 src/main.o
                              0x860a2 (size before relaxing)

.debug_frame    0x00000000     0x1af4
 .debug_frame   0x00000000       0x8c src/ASF/common2/services/delay/sam0/systick_counter.o
 .debug_frame   0x0000008c      0x1d0 src/ASF/sam0/drivers/extint/extint_sam_d_r_h/extint.o
 .debug_frame   0x0000025c       0xf8 src/ASF/sam0/drivers/sercom/sercom.o
 .debug_frame   0x00000354      0x1f4 src/bme280.o
 .debug_frame   0x00000548      0x2c4 src/nrf24l01.o
 .debug_frame   0x0000080c      0x150 src/spi_master.o
 .debug_frame   0x0000095c      0x36c src/ASF/sam0/drivers/sercom/spi/spi.o
 .debug_frame   0x00000cc8      0x128 src/ASF/sam0/drivers/extint/extint_callback.o
 .debug_frame   0x00000df0       0x70 src/ASF/sam0/drivers/port/port.o
 .debug_frame   0x00000e60       0x2c src/ASF/common2/boards/user_board/init.o
 .debug_frame   0x00000e8c       0x4c src/ASF/common/utils/interrupt/interrupt_sam_nvic.o
 .debug_frame   0x00000ed8      0x2a4 src/ASF/sam0/drivers/system/clock/clock_samd21_r21_da_ha1/clock.o
 .debug_frame   0x0000117c      0x220 src/ASF/sam0/drivers/system/clock/clock_samd21_r21_da_ha1/gclk.o
 .debug_frame   0x0000139c       0xd0 src/ASF/sam0/drivers/system/pinmux/pinmux.o
 .debug_frame   0x0000146c       0x48 src/ASF/sam0/drivers/system/system.o
 .debug_frame   0x000014b4       0x50 src/ASF/sam0/utils/cmsis/samd21/source/gcc/startup_samd21.o
 .debug_frame   0x00001504       0x30 src/main.o
 .debug_frame   0x00001534       0x38 c:/program files (x86)/atmel/studio/7.0/toolchain/arm/arm-gnu-toolchain/bin/../lib/gcc/arm-none-eabi/6.3.1/../../../../arm-none-eabi/lib/thumb/v6-m\libm.a(lib_a-w_log.o)
 .debug_frame   0x0000156c       0x38 c:/program files (x86)/atmel/studio/7.0/toolchain/arm/arm-gnu-toolchain/bin/../lib/gcc/arm-none-eabi/6.3.1/../../../../arm-none-eabi/lib/thumb/v6-m\libm.a(lib_a-w_log10.o)
 .debug_frame   0x000015a4       0x3c c:/program files (x86)/atmel/studio/7.0/toolchain/arm/arm-gnu-toolchain/bin/../lib/gcc/arm-none-eabi/6.3.1/../../../../arm-none-eabi/lib/thumb/v6-m\libm.a(lib_a-w_pow.o)
 .debug_frame   0x000015e0       0x3c c:/program files (x86)/atmel/studio/7.0/toolchain/arm/arm-gnu-toolchain/bin/../lib/gcc/arm-none-eabi/6.3.1/../../../../arm-none-eabi/lib/thumb/v6-m\libm.a(lib_a-e_log.o)
 .debug_frame   0x0000161c       0x38 c:/program files (x86)/atmel/studio/7.0/toolchain/arm/arm-gnu-toolchain/bin/../lib/gcc/arm-none-eabi/6.3.1/../../../../arm-none-eabi/lib/thumb/v6-m\libm.a(lib_a-e_log10.o)
 .debug_frame   0x00001654       0x3c c:/program files (x86)/atmel/studio/7.0/toolchain/arm/arm-gnu-toolchain/bin/../lib/gcc/arm-none-eabi/6.3.1/../../../../arm-none-eabi/lib/thumb/v6-m\libm.a(lib_a-e_pow.o)
 .debug_frame   0x00001690       0x38 c:/program files (x86)/atmel/studio/7.0/toolchain/arm/arm-gnu-toolchain/bin/../lib/gcc/arm-none-eabi/6.3.1/../../../../arm-none-eabi/lib/thumb/v6-m\libm.a(lib_a-e_sqrt.o)
 .debug_frame   0x000016c8       0x20 c:/program files (x86)/atmel/studio/7.0/toolchain/arm/arm-gnu-toolchain/bin/../lib/gcc/arm-none-eabi/6.3.1/../../../../arm-none-eabi/lib/thumb/v6-m\libm.a(lib_a-s_fabs.o)
 .debug_frame   0x000016e8       0x20 c:/program files (x86)/atmel/studio/7.0/toolchain/arm/arm-gnu-toolchain/bin/../lib/gcc/arm-none-eabi/6.3.1/../../../../arm-none-eabi/lib/thumb/v6-m\libm.a(lib_a-s_finite.o)
 .debug_frame   0x00001708       0x20 c:/program files (x86)/atmel/studio/7.0/toolchain/arm/arm-gnu-toolchain/bin/../lib/gcc/arm-none-eabi/6.3.1/../../../../arm-none-eabi/lib/thumb/v6-m\libm.a(lib_a-s_matherr.o)
 .debug_frame   0x00001728       0x20 c:/program files (x86)/atmel/studio/7.0/toolchain/arm/arm-gnu-toolchain/bin/../lib/gcc/arm-none-eabi/6.3.1/../../../../arm-none-eabi/lib/thumb/v6-m\libm.a(lib_a-s_nan.o)
 .debug_frame   0x00001748       0x38 c:/program files (x86)/atmel/studio/7.0/toolchain/arm/arm-gnu-toolchain/bin/../lib/gcc/arm-none-eabi/6.3.1/../../../../arm-none-eabi/lib/thumb/v6-m\libm.a(lib_a-s_rint.o)
 .debug_frame   0x00001780       0x2c c:/program files (x86)/atmel/studio/7.0/toolchain/arm/arm-gnu-toolchain/bin/../lib/gcc/arm-none-eabi/6.3.1/../../../../arm-none-eabi/lib/thumb/v6-m\libm.a(lib_a-s_scalbn.o)
 .debug_frame   0x000017ac       0x2c c:/program files (x86)/atmel/studio/7.0/toolchain/arm/arm-gnu-toolchain/bin/../lib/gcc/arm-none-eabi/6.3.1/../../../../arm-none-eabi/lib/thumb/v6-m\libm.a(lib_a-s_copysign.o)
 .debug_frame   0x000017d8       0x20 c:/program files (x86)/atmel/studio/7.0/toolchain/arm/arm-gnu-toolchain/bin/../lib/gcc/arm-none-eabi/6.3.1/thumb/v6-m\libgcc.a(_udivsi3.o)
 .debug_frame   0x000017f8       0x20 c:/program files (x86)/atmel/studio/7.0/toolchain/arm/arm-gnu-toolchain/bin/../lib/gcc/arm-none-eabi/6.3.1/thumb/v6-m\libgcc.a(_divsi3.o)
 .debug_frame   0x00001818       0x3c c:/program files (x86)/atmel/studio/7.0/toolchain/arm/arm-gnu-toolchain/bin/../lib/gcc/arm-none-eabi/6.3.1/thumb/v6-m\libgcc.a(adddf3.o)
 .debug_frame   0x00001854       0x3c c:/program files (x86)/atmel/studio/7.0/toolchain/arm/arm-gnu-toolchain/bin/../lib/gcc/arm-none-eabi/6.3.1/thumb/v6-m\libgcc.a(divdf3.o)
 .debug_frame   0x00001890       0x38 c:/program files (x86)/atmel/studio/7.0/toolchain/arm/arm-gnu-toolchain/bin/../lib/gcc/arm-none-eabi/6.3.1/thumb/v6-m\libgcc.a(eqdf2.o)
 .debug_frame   0x000018c8       0x38 c:/program files (x86)/atmel/studio/7.0/toolchain/arm/arm-gnu-toolchain/bin/../lib/gcc/arm-none-eabi/6.3.1/thumb/v6-m\libgcc.a(gedf2.o)
 .debug_frame   0x00001900       0x38 c:/program files (x86)/atmel/studio/7.0/toolchain/arm/arm-gnu-toolchain/bin/../lib/gcc/arm-none-eabi/6.3.1/thumb/v6-m\libgcc.a(ledf2.o)
 .debug_frame   0x00001938       0x3c c:/program files (x86)/atmel/studio/7.0/toolchain/arm/arm-gnu-toolchain/bin/../lib/gcc/arm-none-eabi/6.3.1/thumb/v6-m\libgcc.a(muldf3.o)
 .debug_frame   0x00001974       0x38 c:/program files (x86)/atmel/studio/7.0/toolchain/arm/arm-gnu-toolchain/bin/../lib/gcc/arm-none-eabi/6.3.1/thumb/v6-m\libgcc.a(subdf3.o)
 .debug_frame   0x000019ac       0x2c c:/program files (x86)/atmel/studio/7.0/toolchain/arm/arm-gnu-toolchain/bin/../lib/gcc/arm-none-eabi/6.3.1/thumb/v6-m\libgcc.a(unorddf2.o)
 .debug_frame   0x000019d8       0x2c c:/program files (x86)/atmel/studio/7.0/toolchain/arm/arm-gnu-toolchain/bin/../lib/gcc/arm-none-eabi/6.3.1/thumb/v6-m\libgcc.a(floatsidf.o)
 .debug_frame   0x00001a04       0x28 c:/program files (x86)/atmel/studio/7.0/toolchain/arm/arm-gnu-toolchain/bin/../lib/gcc/arm-none-eabi/6.3.1/thumb/v6-m\libgcc.a(floatunsidf.o)
 .debug_frame   0x00001a2c       0x2c c:/program files (x86)/atmel/studio/7.0/toolchain/arm/arm-gnu-toolchain/bin/../lib/gcc/arm-none-eabi/6.3.1/thumb/v6-m\libgcc.a(extendsfdf2.o)
 .debug_frame   0x00001a58       0x30 c:/program files (x86)/atmel/studio/7.0/toolchain/arm/arm-gnu-toolchain/bin/../lib/gcc/arm-none-eabi/6.3.1/thumb/v6-m\libgcc.a(truncdfsf2.o)
 .debug_frame   0x00001a88       0x20 c:/program files (x86)/atmel/studio/7.0/toolchain/arm/arm-gnu-toolchain/bin/../lib/gcc/arm-none-eabi/6.3.1/../../../../arm-none-eabi/lib/thumb/v6-m\libc_nano.a(lib_a-errno.o)
 .debug_frame   0x00001aa8       0x2c c:/program files (x86)/atmel/studio/7.0/toolchain/arm/arm-gnu-toolchain/bin/../lib/gcc/arm-none-eabi/6.3.1/../../../../arm-none-eabi/lib/thumb/v6-m\libc_nano.a(lib_a-init.o)
 .debug_frame   0x00001ad4       0x20 c:/program files (x86)/atmel/studio/7.0/toolchain/arm/arm-gnu-toolchain/bin/../lib/gcc/arm-none-eabi/6.3.1/../../../../arm-none-eabi/lib/thumb/v6-m\libc_nano.a(lib_a-memset.o)

Cross Reference Table

Symbol                                            File
AC_Handler                                        src/ASF/sam0/utils/cmsis/samd21/source/gcc/startup_samd21.o
ADC_Handler                                       src/ASF/sam0/utils/cmsis/samd21/source/gcc/startup_samd21.o
DAC_Handler                                       src/ASF/sam0/utils/cmsis/samd21/source/gcc/startup_samd21.o
DMAC_Handler                                      src/ASF/sam0/utils/cmsis/samd21/source/gcc/startup_samd21.o
Dummy_Handler                                     src/ASF/sam0/utils/cmsis/samd21/source/gcc/startup_samd21.o
EIC_Handler                                       src/ASF/sam0/drivers/extint/extint_callback.o
EVSYS_Handler                                     src/ASF/sam0/utils/cmsis/samd21/source/gcc/startup_samd21.o
H1                                                src/main.o
                                                  src/bme280.o
H2                                                src/main.o
                                                  src/bme280.o
H3                                                src/main.o
                                                  src/bme280.o
H4                                                src/main.o
                                                  src/bme280.o
H5                                                src/main.o
                                                  src/bme280.o
H6                                                src/main.o
                                                  src/bme280.o
HardFault_Handler                                 src/ASF/sam0/utils/cmsis/samd21/source/gcc/startup_samd21.o
I2S_Handler                                       src/ASF/sam0/utils/cmsis/samd21/source/gcc/startup_samd21.o
NMI_Handler                                       src/ASF/sam0/utils/cmsis/samd21/source/gcc/startup_samd21.o
NRF_CE_Clear                                      src/nrf24l01.o
NRF_CE_Set                                        src/nrf24l01.o
NRF_CS_Clear                                      src/nrf24l01.o
NRF_CS_Set                                        src/nrf24l01.o
NRF_Enter_RX_Mode                                 src/nrf24l01.o
NRF_Enter_TX_Mode                                 src/nrf24l01.o
                                                  src/main.o
NRF_Read                                          src/nrf24l01.o
NRF_Read_single                                   src/nrf24l01.o
NRF_TX                                            src/nrf24l01.o
NRF_TX_data                                       src/nrf24l01.o
                                                  src/main.o
NRF_Write                                         src/nrf24l01.o
NRF_Write_1                                       src/nrf24l01.o
NRF_Write_2                                       src/nrf24l01.o
NVMCTRL_Handler                                   src/ASF/sam0/utils/cmsis/samd21/source/gcc/startup_samd21.o
P1                                                src/main.o
                                                  src/bme280.o
P2                                                src/main.o
                                                  src/bme280.o
P3                                                src/main.o
                                                  src/bme280.o
P4                                                src/main.o
                                                  src/bme280.o
P5                                                src/main.o
                                                  src/bme280.o
P6                                                src/main.o
                                                  src/bme280.o
P7                                                src/main.o
                                                  src/bme280.o
P8                                                src/main.o
                                                  src/bme280.o
P9                                                src/main.o
                                                  src/bme280.o
PM_Handler                                        src/ASF/sam0/utils/cmsis/samd21/source/gcc/startup_samd21.o
PTC_Handler                                       src/ASF/sam0/utils/cmsis/samd21/source/gcc/startup_samd21.o
PendSV_Handler                                    src/ASF/sam0/utils/cmsis/samd21/source/gcc/startup_samd21.o
RTC_Handler                                       src/ASF/sam0/utils/cmsis/samd21/source/gcc/startup_samd21.o
RX_ADDR                                           src/main.o
Reset_Handler                                     src/ASF/sam0/utils/cmsis/samd21/source/gcc/startup_samd21.o
SERCOM0_Handler                                   src/ASF/sam0/utils/cmsis/samd21/source/gcc/startup_samd21.o
SERCOM1_Handler                                   src/ASF/sam0/utils/cmsis/samd21/source/gcc/startup_samd21.o
SERCOM2_Handler                                   src/ASF/sam0/utils/cmsis/samd21/source/gcc/startup_samd21.o
SERCOM3_Handler                                   src/ASF/sam0/utils/cmsis/samd21/source/gcc/startup_samd21.o
SERCOM4_Handler                                   src/ASF/sam0/utils/cmsis/samd21/source/gcc/startup_samd21.o
SERCOM5_Handler                                   src/ASF/sam0/utils/cmsis/samd21/source/gcc/startup_samd21.o
SVC_Handler                                       src/ASF/sam0/utils/cmsis/samd21/source/gcc/startup_samd21.o
SYSCTRL_Handler                                   src/ASF/sam0/utils/cmsis/samd21/source/gcc/startup_samd21.o
SysTick_Handler                                   src/ASF/sam0/utils/cmsis/samd21/source/gcc/startup_samd21.o
SystemCoreClock                                   src/ASF/sam0/utils/cmsis/samd21/source/system_samd21.o
SystemCoreClockUpdate                             src/ASF/sam0/utils/cmsis/samd21/source/system_samd21.o
SystemInit                                        src/ASF/sam0/utils/cmsis/samd21/source/system_samd21.o
T1                                                src/main.o
                                                  src/bme280.o
T2                                                src/main.o
                                                  src/bme280.o
T3                                                src/main.o
                                                  src/bme280.o
TC3_Handler                                       src/ASF/sam0/utils/cmsis/samd21/source/gcc/startup_samd21.o
TC4_Handler                                       src/ASF/sam0/utils/cmsis/samd21/source/gcc/startup_samd21.o
TC5_Handler                                       src/ASF/sam0/utils/cmsis/samd21/source/gcc/startup_samd21.o
TC6_Handler                                       src/ASF/sam0/utils/cmsis/samd21/source/gcc/startup_samd21.o
TC7_Handler                                       src/ASF/sam0/utils/cmsis/samd21/source/gcc/startup_samd21.o
TCC0_Handler                                      src/ASF/sam0/utils/cmsis/samd21/source/gcc/startup_samd21.o
TCC1_Handler                                      src/ASF/sam0/utils/cmsis/samd21/source/gcc/startup_samd21.o
TCC2_Handler                                      src/ASF/sam0/utils/cmsis/samd21/source/gcc/startup_samd21.o
TX_ADDR                                           src/main.o
USB_Handler                                       src/ASF/sam0/utils/cmsis/samd21/source/gcc/startup_samd21.o
WDT_Handler                                       src/ASF/sam0/utils/cmsis/samd21/source/gcc/startup_samd21.o
_Jv_RegisterClasses                               c:/program files (x86)/atmel/studio/7.0/toolchain/arm/arm-gnu-toolchain/bin/../lib/gcc/arm-none-eabi/6.3.1/thumb/v6-m/crtbegin.o
__aeabi_cdcmpeq                                   c:/program files (x86)/atmel/studio/7.0/toolchain/arm/arm-gnu-toolchain/bin/../lib/gcc/arm-none-eabi/6.3.1/thumb/v6-m\libgcc.a(_arm_cmpdf2.o)
__aeabi_cdcmple                                   c:/program files (x86)/atmel/studio/7.0/toolchain/arm/arm-gnu-toolchain/bin/../lib/gcc/arm-none-eabi/6.3.1/thumb/v6-m\libgcc.a(_arm_cmpdf2.o)
__aeabi_cdrcmple                                  c:/program files (x86)/atmel/studio/7.0/toolchain/arm/arm-gnu-toolchain/bin/../lib/gcc/arm-none-eabi/6.3.1/thumb/v6-m\libgcc.a(_arm_cmpdf2.o)
__aeabi_d2f                                       c:/program files (x86)/atmel/studio/7.0/toolchain/arm/arm-gnu-toolchain/bin/../lib/gcc/arm-none-eabi/6.3.1/thumb/v6-m\libgcc.a(truncdfsf2.o)
                                                  src/bme280.o
__aeabi_dadd                                      c:/program files (x86)/atmel/studio/7.0/toolchain/arm/arm-gnu-toolchain/bin/../lib/gcc/arm-none-eabi/6.3.1/thumb/v6-m\libgcc.a(adddf3.o)
                                                  c:/program files (x86)/atmel/studio/7.0/toolchain/arm/arm-gnu-toolchain/bin/../lib/gcc/arm-none-eabi/6.3.1/../../../../arm-none-eabi/lib/thumb/v6-m\libm.a(lib_a-s_scalbn.o)
                                                  c:/program files (x86)/atmel/studio/7.0/toolchain/arm/arm-gnu-toolchain/bin/../lib/gcc/arm-none-eabi/6.3.1/../../../../arm-none-eabi/lib/thumb/v6-m\libm.a(lib_a-s_rint.o)
                                                  c:/program files (x86)/atmel/studio/7.0/toolchain/arm/arm-gnu-toolchain/bin/../lib/gcc/arm-none-eabi/6.3.1/../../../../arm-none-eabi/lib/thumb/v6-m\libm.a(lib_a-e_sqrt.o)
                                                  c:/program files (x86)/atmel/studio/7.0/toolchain/arm/arm-gnu-toolchain/bin/../lib/gcc/arm-none-eabi/6.3.1/../../../../arm-none-eabi/lib/thumb/v6-m\libm.a(lib_a-e_pow.o)
                                                  c:/program files (x86)/atmel/studio/7.0/toolchain/arm/arm-gnu-toolchain/bin/../lib/gcc/arm-none-eabi/6.3.1/../../../../arm-none-eabi/lib/thumb/v6-m\libm.a(lib_a-e_log10.o)